Archive member included to satisfy reference by file (symbol)

/opt/st/stm32cubeclt_1.19.0/GNU-tools-for-STM32/bin/../lib/gcc/arm-none-eabi/13.3.1/../../../../arm-none-eabi/lib/thumb/v7e-m+fp/hard/libstdc++_nano.a(del_ops.o)
                              CMakeFiles/furkan_cmake.dir/Core/App/main.cpp.obj (operator delete(void*, unsigned int))
/opt/st/stm32cubeclt_1.19.0/GNU-tools-for-STM32/bin/../lib/gcc/arm-none-eabi/13.3.1/../../../../arm-none-eabi/lib/thumb/v7e-m+fp/hard/libstdc++_nano.a(del_op.o)
                              /opt/st/stm32cubeclt_1.19.0/GNU-tools-for-STM32/bin/../lib/gcc/arm-none-eabi/13.3.1/../../../../arm-none-eabi/lib/thumb/v7e-m+fp/hard/libstdc++_nano.a(del_ops.o) (operator delete(void*))
/opt/st/stm32cubeclt_1.19.0/GNU-tools-for-STM32/bin/../lib/gcc/arm-none-eabi/13.3.1/../../../../arm-none-eabi/lib/thumb/v7e-m+fp/hard/libg_nano.a(libc_a-exit.o)
                              /opt/st/stm32cubeclt_1.19.0/GNU-tools-for-STM32/bin/../lib/gcc/arm-none-eabi/13.3.1/../../../../arm-none-eabi/lib/thumb/v7e-m+fp/hard/crt0.o (exit)
/opt/st/stm32cubeclt_1.19.0/GNU-tools-for-STM32/bin/../lib/gcc/arm-none-eabi/13.3.1/../../../../arm-none-eabi/lib/thumb/v7e-m+fp/hard/libg_nano.a(libc_a-malloc.o)
                              /opt/st/stm32cubeclt_1.19.0/GNU-tools-for-STM32/bin/../lib/gcc/arm-none-eabi/13.3.1/../../../../arm-none-eabi/lib/thumb/v7e-m+fp/hard/libstdc++_nano.a(del_op.o) (free)
/opt/st/stm32cubeclt_1.19.0/GNU-tools-for-STM32/bin/../lib/gcc/arm-none-eabi/13.3.1/../../../../arm-none-eabi/lib/thumb/v7e-m+fp/hard/libg_nano.a(libc_a-mallocr.o)
                              /opt/st/stm32cubeclt_1.19.0/GNU-tools-for-STM32/bin/../lib/gcc/arm-none-eabi/13.3.1/../../../../arm-none-eabi/lib/thumb/v7e-m+fp/hard/libg_nano.a(libc_a-malloc.o) (_malloc_r)
/opt/st/stm32cubeclt_1.19.0/GNU-tools-for-STM32/bin/../lib/gcc/arm-none-eabi/13.3.1/../../../../arm-none-eabi/lib/thumb/v7e-m+fp/hard/libg_nano.a(libc_a-mlock.o)
                              /opt/st/stm32cubeclt_1.19.0/GNU-tools-for-STM32/bin/../lib/gcc/arm-none-eabi/13.3.1/../../../../arm-none-eabi/lib/thumb/v7e-m+fp/hard/libg_nano.a(libc_a-mallocr.o) (__malloc_lock)
/opt/st/stm32cubeclt_1.19.0/GNU-tools-for-STM32/bin/../lib/gcc/arm-none-eabi/13.3.1/../../../../arm-none-eabi/lib/thumb/v7e-m+fp/hard/libg_nano.a(libc_a-findfp.o)
                              /opt/st/stm32cubeclt_1.19.0/GNU-tools-for-STM32/bin/../lib/gcc/arm-none-eabi/13.3.1/../../../../arm-none-eabi/lib/thumb/v7e-m+fp/hard/libg_nano.a(libc_a-exit.o) (__stdio_exit_handler)
/opt/st/stm32cubeclt_1.19.0/GNU-tools-for-STM32/bin/../lib/gcc/arm-none-eabi/13.3.1/../../../../arm-none-eabi/lib/thumb/v7e-m+fp/hard/libg_nano.a(libc_a-fwalk.o)
                              /opt/st/stm32cubeclt_1.19.0/GNU-tools-for-STM32/bin/../lib/gcc/arm-none-eabi/13.3.1/../../../../arm-none-eabi/lib/thumb/v7e-m+fp/hard/libg_nano.a(libc_a-findfp.o) (_fwalk_sglue)
/opt/st/stm32cubeclt_1.19.0/GNU-tools-for-STM32/bin/../lib/gcc/arm-none-eabi/13.3.1/../../../../arm-none-eabi/lib/thumb/v7e-m+fp/hard/libg_nano.a(libc_a-stdio.o)
                              /opt/st/stm32cubeclt_1.19.0/GNU-tools-for-STM32/bin/../lib/gcc/arm-none-eabi/13.3.1/../../../../arm-none-eabi/lib/thumb/v7e-m+fp/hard/libg_nano.a(libc_a-findfp.o) (__sread)
/opt/st/stm32cubeclt_1.19.0/GNU-tools-for-STM32/bin/../lib/gcc/arm-none-eabi/13.3.1/../../../../arm-none-eabi/lib/thumb/v7e-m+fp/hard/libg_nano.a(libc_a-memset.o)
                              /opt/st/stm32cubeclt_1.19.0/GNU-tools-for-STM32/bin/../lib/gcc/arm-none-eabi/13.3.1/../../../../arm-none-eabi/lib/thumb/v7e-m+fp/hard/crt0.o (memset)
/opt/st/stm32cubeclt_1.19.0/GNU-tools-for-STM32/bin/../lib/gcc/arm-none-eabi/13.3.1/../../../../arm-none-eabi/lib/thumb/v7e-m+fp/hard/libg_nano.a(libc_a-closer.o)
                              /opt/st/stm32cubeclt_1.19.0/GNU-tools-for-STM32/bin/../lib/gcc/arm-none-eabi/13.3.1/../../../../arm-none-eabi/lib/thumb/v7e-m+fp/hard/libg_nano.a(libc_a-stdio.o) (_close_r)
/opt/st/stm32cubeclt_1.19.0/GNU-tools-for-STM32/bin/../lib/gcc/arm-none-eabi/13.3.1/../../../../arm-none-eabi/lib/thumb/v7e-m+fp/hard/libg_nano.a(libc_a-reent.o)
                              /opt/st/stm32cubeclt_1.19.0/GNU-tools-for-STM32/bin/../lib/gcc/arm-none-eabi/13.3.1/../../../../arm-none-eabi/lib/thumb/v7e-m+fp/hard/libg_nano.a(libc_a-closer.o) (errno)
/opt/st/stm32cubeclt_1.19.0/GNU-tools-for-STM32/bin/../lib/gcc/arm-none-eabi/13.3.1/../../../../arm-none-eabi/lib/thumb/v7e-m+fp/hard/libg_nano.a(libc_a-impure.o)
                              /opt/st/stm32cubeclt_1.19.0/GNU-tools-for-STM32/bin/../lib/gcc/arm-none-eabi/13.3.1/../../../../arm-none-eabi/lib/thumb/v7e-m+fp/hard/libg_nano.a(libc_a-malloc.o) (_impure_ptr)
/opt/st/stm32cubeclt_1.19.0/GNU-tools-for-STM32/bin/../lib/gcc/arm-none-eabi/13.3.1/../../../../arm-none-eabi/lib/thumb/v7e-m+fp/hard/libg_nano.a(libc_a-lseekr.o)
[...]
Memory Configuration

Name             Origin             Length             Attributes
RAM              0x20000000         0x00010000         xrw
CCMRAM           0x10000000         0x00004000         xrw
FLASH            0x08000000         0x00080000         xr
*default*        0x00000000         0xffffffff

Linker script and memory map

LOAD /opt/st/stm32cubeclt_1.19.0/GNU-tools-for-STM32/bin/../lib/gcc/arm-none-eabi/13.3.1/thumb/v7e-m+fp/hard/crti.o
LOAD /opt/st/stm32cubeclt_1.19.0/GNU-tools-for-STM32/bin/../lib/gcc/arm-none-eabi/13.3.1/thumb/v7e-m+fp/hard/crtbegin.o
LOAD /opt/st/stm32cubeclt_1.19.0/GNU-tools-for-STM32/bin/../lib/gcc/arm-none-eabi/13.3.1/../../../../arm-none-eabi/lib/thumb/v7e-m+fp/hard/crt0.o
LOAD cmake/stm32cubemx/CMakeFiles/STM32_Drivers.dir/__/__/Core/Src/system_stm32f3xx.c.obj
LOAD cmake/stm32cubemx/CMakeFiles/STM32_Drivers.dir/__/__/Drivers/STM32F3xx_HAL_Driver/Src/stm32f3xx_ll_usb.c.obj
LOAD cmake/stm32cubemx/CMakeFiles/STM32_Drivers.dir/__/__/Drivers/STM32F3xx_HAL_Driver/Src/stm32f3xx_hal_rtc.c.obj
LOAD cmake/stm32cubemx/CMakeFiles/STM32_Drivers.dir/__/__/Drivers/STM32F3xx_HAL_Driver/Src/stm32f3xx_hal_rtc_ex.c.obj
LOAD cmake/stm32cubemx/CMakeFiles/STM32_Drivers.dir/__/__/Drivers/STM32F3xx_HAL_Driver/Src/stm32f3xx_hal.c.obj
LOAD cmake/stm32cubemx/CMakeFiles/STM32_Drivers.dir/__/__/Drivers/STM32F3xx_HAL_Driver/Src/stm32f3xx_hal_rcc.c.obj
LOAD cmake/stm32cubemx/CMakeFiles/STM32_Drivers.dir/__/__/Drivers/STM32F3xx_HAL_Driver/Src/stm32f3xx_hal_rcc_ex.c.obj
LOAD cmake/stm32cubemx/CMakeFiles/STM32_Drivers.dir/__/__/Drivers/STM32F3xx_HAL_Driver/Src/stm32f3xx_hal_gpio.c.obj
LOAD cmake/stm32cubemx/CMakeFiles/STM32_Drivers.dir/__/__/Drivers/STM32F3xx_HAL_Driver/Src/stm32f3xx_hal_dma.c.obj
LOAD cmake/stm32cubemx/CMakeFiles/STM32_Drivers.dir/__/__/Drivers/STM32F3xx_HAL_Driver/Src/stm32f3xx_hal_cortex.c.obj
LOAD cmake/stm32cubemx/CMakeFiles/STM32_Drivers.dir/__/__/Drivers/STM32F3xx_HAL_Driver/Src/stm32f3xx_hal_pwr.c.obj
LOAD cmake/stm32cubemx/CMakeFiles/STM32_Drivers.dir/__/__/Drivers/STM32F3xx_HAL_Driver/Src/stm32f3xx_hal_pwr_ex.c.obj
LOAD cmake/stm32cubemx/CMakeFiles/STM32_Drivers.dir/__/__/Drivers/STM32F3xx_HAL_Driver/Src/stm32f3xx_hal_flash.c.obj
LOAD cmake/stm32cubemx/CMakeFiles/STM32_Drivers.dir/__/__/Drivers/STM32F3xx_HAL_Driver/Src/stm32f3xx_hal_flash_ex.c.obj
LOAD cmake/stm32cubemx/CMakeFiles/STM32_Drivers.dir/__/__/Drivers/STM32F3xx_HAL_Driver/Src/stm32f3xx_hal_i2c.c.obj
LOAD cmake/stm32cubemx/CMakeFiles/STM32_Drivers.dir/__/__/Drivers/STM32F3xx_HAL_Driver/Src/stm32f3xx_hal_i2c_ex.c.obj
LOAD cmake/stm32cubemx/CMakeFiles/STM32_Drivers.dir/__/__/Drivers/STM32F3xx_HAL_Driver/Src/stm32f3xx_hal_exti.c.obj
LOAD cmake/stm32cubemx/CMakeFiles/STM32_Drivers.dir/__/__/Drivers/STM32F3xx_HAL_Driver/Src/stm32f3xx_hal_uart.c.obj
LOAD cmake/stm32cubemx/CMakeFiles/STM32_Drivers.dir/__/__/Drivers/STM32F3xx_HAL_Driver/Src/stm32f3xx_hal_uart_ex.c.obj
LOAD cmake/stm32cubemx/CMakeFiles/STM32_Drivers.dir/__/__/Drivers/STM32F3xx_HAL_Driver/Src/stm32f3xx_hal_pcd.c.obj
LOAD cmake/stm32cubemx/CMakeFiles/STM32_Drivers.dir/__/__/Drivers/STM32F3xx_HAL_Driver/Src/stm32f3xx_hal_pcd_ex.c.obj
LOAD CMakeFiles/furkan_cmake.dir/Core/Src/main.c.obj
LOAD CMakeFiles/furkan_cmake.dir/Core/Src/stm32f3xx_it.c.obj
LOAD CMakeFiles/furkan_cmake.dir/Core/Src/stm32f3xx_hal_msp.c.obj
LOAD CMakeFiles/furkan_cmake.dir/Core/Src/sysmem.c.obj
LOAD CMakeFiles/furkan_cmake.dir/Core/Src/syscalls.c.obj
LOAD CMakeFiles/furkan_cmake.dir/startup_stm32f303xe.s.obj
LOAD CMakeFiles/furkan_cmake.dir/Core/App/main.cpp.obj
LOAD CMakeFiles/furkan_cmake.dir/Core/App/hal/stm32/ArchUart.cpp.obj
LOAD /opt/st/stm32cubeclt_1.19.0/GNU-tools-for-STM32/bin/../lib/gcc/arm-none-eabi/13.3.1/../../../../arm-none-eabi/lib/thumb/v7e-m+fp/hard/libstdc++_nano.a
LOAD /opt/st/stm32cubeclt_1.19.0/GNU-tools-for-STM32/bin/../lib/gcc/arm-none-eabi/13.3.1/../../../../arm-none-eabi/lib/thumb/v7e-m+fp/hard/libm.a
START GROUP
LOAD /opt/st/stm32cubeclt_1.19.0/GNU-tools-for-STM32/bin/../lib/gcc/arm-none-eabi/13.3.1/thumb/v7e-m+fp/hard/libgcc.a
LOAD /opt/st/stm32cubeclt_1.19.0/GNU-tools-for-STM32/bin/../lib/gcc/arm-none-eabi/13.3.1/../../../../arm-none-eabi/lib/thumb/v7e-m+fp/hard/libg_nano.a
LOAD /opt/st/stm32cubeclt_1.19.0/GNU-tools-for-STM32/bin/../lib/gcc/arm-none-eabi/13.3.1/../../../../arm-none-eabi/lib/thumb/v7e-m+fp/hard/libc_nano.a
END GROUP
START GROUP
LOAD /opt/st/stm32cubeclt_1.19.0/GNU-tools-for-STM32/bin/../lib/gcc/arm-none-eabi/13.3.1/thumb/v7e-m+fp/hard/libgcc.a
LOAD /opt/st/stm32cubeclt_1.19.0/GNU-tools-for-STM32/bin/../lib/gcc/arm-none-eabi/13.3.1/../../../../arm-none-eabi/lib/thumb/v7e-m+fp/hard/libc_nano.a
END GROUP
LOAD /opt/st/stm32cubeclt_1.19.0/GNU-tools-for-STM32/bin/../lib/gcc/arm-none-eabi/13.3.1/thumb/v7e-m+fp/hard/crtend.o
LOAD /opt/st/stm32cubeclt_1.19.0/GNU-tools-for-STM32/bin/../lib/gcc/arm-none-eabi/13.3.1/thumb/v7e-m+fp/hard/crtn.o
                0x20010000                        _estack = (ORIGIN (RAM) + LENGTH (RAM))
                0x00000200                        _Min_Heap_Size = 0x200
                0x00000400                        _Min_Stack_Size = 0x400

.isr_vector     0x08000000      0x194
                0x08000000                        . = ALIGN (0x4)
 *(.isr_vector)
 .isr_vector    0x08000000      0x194 CMakeFiles/furkan_cmake.dir/startup_stm32f303xe.s.obj
                0x08000000                g_pfnVectors
                0x08000194                        . = ALIGN (0x4)

.text           0x08000194     0x7b90
                0x08000194                        . = ALIGN (0x4)
 *(.text)
 .text          0x08000194       0x40 /opt/st/stm32cubeclt_1.19.0/GNU-tools-for-STM32/bin/../lib/gcc/arm-none-eabi/13.3.1/thumb/v7e-m+fp/hard/crtbegin.o
 *(.text*)
 .text.SystemInit
                0x080001d4       0x24 cmake/stm32cubemx/CMakeFiles/STM32_Drivers.dir/__/__/Core/Src/system_stm32f3xx.c.obj
                0x080001d4                SystemInit
 .text.USB_DisableGlobalInt
                0x080001f8       0x36 cmake/stm32cubemx/CMakeFiles/STM32_Drivers.dir/__/__/Drivers/STM32F3xx_HAL_Driver/Src/stm32f3xx_ll_usb.c.obj
                0x080001f8                USB_DisableGlobalInt
 .text.USB_DevInit
                0x0800022e       0x3c cmake/stm32cubemx/CMakeFiles/STM32_Drivers.dir/__/__/Drivers/STM32F3xx_HAL_Driver/Src/stm32f3xx_ll_usb.c.obj
                0x0800022e                USB_DevInit
 .text.USB_EPStartXfer
                0x0800026a     0x1764 cmake/stm32cubemx/CMakeFiles/STM32_Drivers.dir/__/__/Drivers/STM32F3xx_HAL_Driver/Src/stm32f3xx_ll_usb.c.obj
                0x0800026a                USB_EPStartXfer
 .text.USB_SetDevAddress
                0x080019ce       0x28 cmake/stm32cubemx/CMakeFiles/STM32_Drivers.dir/__/__/Drivers/STM32F3xx_HAL_Driver/Src/stm32f3xx_ll_usb.c.obj
                0x080019ce                USB_SetDevAddress
 .text.USB_ReadInterrupts
                0x080019f6       0x20 cmake/stm32cubemx/CMakeFiles/STM32_Drivers.dir/__/__/Drivers/STM32F3xx_HAL_Driver/Src/stm32f3xx_ll_usb.c.obj
                0x080019f6                USB_ReadInterrupts
 .text.USB_WritePMA
                0x08001a16       0x86 cmake/stm32cubemx/CMakeFiles/STM32_Drivers.dir/__/__/Drivers/STM32F3xx_HAL_Driver/Src/stm32f3xx_ll_usb.c.obj
                0x08001a16                USB_WritePMA
 .text.USB_ReadPMA
                0x08001a9c       0x98 cmake/stm32cubemx/CMakeFiles/STM32_Drivers.dir/__/__/Drivers/STM32F3xx_HAL_Driver/Src/stm32f3xx_ll_usb.c.obj
                0x08001a9c                USB_ReadPMA
 .text.HAL_RTC_Init
                0x08001b34      0x106 cmake/stm32cubemx/CMakeFiles/STM32_Drivers.dir/__/__/Drivers/STM32F3xx_HAL_Driver/Src/stm32f3xx_hal_rtc.c.obj
                0x08001b34                HAL_RTC_Init
 *fill*         0x08001c3a        0x2 
 .text.HAL_RTC_WaitForSynchro
                0x08001c3c       0x4c cmake/stm32cubemx/CMakeFiles/STM32_Drivers.dir/__/__/Drivers/STM32F3xx_HAL_Driver/Src/stm32f3xx_hal_rtc.c.obj
                0x08001c3c                HAL_RTC_WaitForSynchro
 .text.RTC_EnterInitMode
                0x08001c88       0x6e cmake/stm32cubemx/CMakeFiles/STM32_Drivers.dir/__/__/Drivers/STM32F3xx_HAL_Driver/Src/stm32f3xx_hal_rtc.c.obj
                0x08001c88                RTC_EnterInitMode
 .text.RTC_ExitInitMode
                0x08001cf6       0x4a cmake/stm32cubemx/CMakeFiles/STM32_Drivers.dir/__/__/Drivers/STM32F3xx_HAL_Driver/Src/stm32f3xx_hal_rtc.c.obj
                0x08001cf6                RTC_ExitInitMode
 .text.HAL_Init
                0x08001d40       0x2c cmake/stm32cubemx/CMakeFiles/STM32_Drivers.dir/__/__/Drivers/STM32F3xx_HAL_Driver/Src/stm32f3xx_hal.c.obj
                0x08001d40                HAL_Init
 .text.HAL_InitTick
                0x08001d6c       0x60 cmake/stm32cubemx/CMakeFiles/STM32_Drivers.dir/__/__/Drivers/STM32F3xx_HAL_Driver/Src/stm32f3xx_hal.c.obj
                0x08001d6c                HAL_InitTick
 .text.HAL_IncTick
                0x08001dcc       0x28 cmake/stm32cubemx/CMakeFiles/STM32_Drivers.dir/__/__/Drivers/STM32F3xx_HAL_Driver/Src/stm32f3xx_hal.c.obj
                0x08001dcc                HAL_IncTick
 .text.HAL_GetTick
                0x08001df4       0x18 cmake/stm32cubemx/CMakeFiles/STM32_Drivers.dir/__/__/Drivers/STM32F3xx_HAL_Driver/Src/stm32f3xx_hal.c.obj
                0x08001df4                HAL_GetTick
 .text.HAL_Delay
                0x08001e0c       0x48 cmake/stm32cubemx/CMakeFiles/STM32_Drivers.dir/__/__/Drivers/STM32F3xx_HAL_Driver/Src/stm32f3xx_hal.c.obj
                0x08001e0c                HAL_Delay
 .text.HAL_RCC_OscConfig
                0x08001e54     0x1048 cmake/stm32cubemx/CMakeFiles/STM32_Drivers.dir/__/__/Drivers/STM32F3xx_HAL_Driver/Src/stm32f3xx_hal_rcc.c.obj
                0x08001e54                HAL_RCC_OscConfig
 .text.HAL_RCC_ClockConfig
                0x08002e9c      0x2dc cmake/stm32cubemx/CMakeFiles/STM32_Drivers.dir/__/__/Drivers/STM32F3xx_HAL_Driver/Src/stm32f3xx_hal_rcc.c.obj
                0x08002e9c                HAL_RCC_ClockConfig
 .text.HAL_RCC_GetSysClockFreq
                0x08003178       0xa8 cmake/stm32cubemx/CMakeFiles/STM32_Drivers.dir/__/__/Drivers/STM32F3xx_HAL_Driver/Src/stm32f3xx_hal_rcc.c.obj
                0x08003178                HAL_RCC_GetSysClockFreq
 .text.HAL_RCC_GetHCLKFreq
                0x08003220       0x18 cmake/stm32cubemx/CMakeFiles/STM32_Drivers.dir/__/__/Drivers/STM32F3xx_HAL_Driver/Src/stm32f3xx_hal_rcc.c.obj
                0x08003220                HAL_RCC_GetHCLKFreq
 .text.HAL_RCC_GetPCLK1Freq
                0x08003238       0x44 cmake/stm32cubemx/CMakeFiles/STM32_Drivers.dir/__/__/Drivers/STM32F3xx_HAL_Driver/Src/stm32f3xx_hal_rcc.c.obj
                0x08003238                HAL_RCC_GetPCLK1Freq
 .text.HAL_RCC_GetPCLK2Freq
                0x0800327c       0x44 cmake/stm32cubemx/CMakeFiles/STM32_Drivers.dir/__/__/Drivers/STM32F3xx_HAL_Driver/Src/stm32f3xx_hal_rcc.c.obj
                0x0800327c                HAL_RCC_GetPCLK2Freq
 .text.HAL_RCCEx_PeriphCLKConfig
                0x080032c0      0x438 cmake/stm32cubemx/CMakeFiles/STM32_Drivers.dir/__/__/Drivers/STM32F3xx_HAL_Driver/Src/stm32f3xx_hal_rcc_ex.c.obj
                0x080032c0                HAL_RCCEx_PeriphCLKConfig
 .text.HAL_GPIO_Init
                0x080036f8      0x314 cmake/stm32cubemx/CMakeFiles/STM32_Drivers.dir/__/__/Drivers/STM32F3xx_HAL_Driver/Src/stm32f3xx_hal_gpio.c.obj
                0x080036f8                HAL_GPIO_Init
 .text.HAL_GPIO_WritePin
                0x08003a0c       0x30 cmake/stm32cubemx/CMakeFiles/STM32_Drivers.dir/__/__/Drivers/STM32F3xx_HAL_Driver/Src/stm32f3xx_hal_gpio.c.obj
                0x08003a0c                HAL_GPIO_WritePin
 .text.HAL_DMA_Init
                0x08003a3c       0x8e cmake/stm32cubemx/CMakeFiles/STM32_Drivers.dir/__/__/Drivers/STM32F3xx_HAL_Driver/Src/stm32f3xx_hal_dma.c.obj
                0x08003a3c                HAL_DMA_Init
 .text.HAL_DMA_Abort
                0x08003aca       0x7c cmake/stm32cubemx/CMakeFiles/STM32_Drivers.dir/__/__/Drivers/STM32F3xx_HAL_Driver/Src/stm32f3xx_hal_dma.c.obj
                0x08003aca                HAL_DMA_Abort
 .text.HAL_DMA_Abort_IT
                0x08003b46       0x7c cmake/stm32cubemx/CMakeFiles/STM32_Drivers.dir/__/__/Drivers/STM32F3xx_HAL_Driver/Src/stm32f3xx_hal_dma.c.obj
                0x08003b46                HAL_DMA_Abort_IT
 .text.HAL_DMA_IRQHandler
                0x08003bc2      0x146 cmake/stm32cubemx/CMakeFiles/STM32_Drivers.dir/__/__/Drivers/STM32F3xx_HAL_Driver/Src/stm32f3xx_hal_dma.c.obj
                0x08003bc2                HAL_DMA_IRQHandler
 .text.DMA_CalcBaseAndBitshift
                0x08003d08       0x78 cmake/stm32cubemx/CMakeFiles/STM32_Drivers.dir/__/__/Drivers/STM32F3xx_HAL_Driver/Src/stm32f3xx_hal_dma.c.obj
 .text.__NVIC_SetPriorityGrouping
                0x08003d80       0x48 cmake/stm32cubemx/CMakeFiles/STM32_Drivers.dir/__/__/Drivers/STM32F3xx_HAL_Driver/Src/stm32f3xx_hal_cortex.c.obj
 .text.__NVIC_GetPriorityGrouping
                0x08003dc8       0x1c cmake/stm32cubemx/CMakeFiles/STM32_Drivers.dir/__/__/Drivers/STM32F3xx_HAL_Driver/Src/stm32f3xx_hal_cortex.c.obj
 .text.__NVIC_EnableIRQ
                0x08003de4       0x3c cmake/stm32cubemx/CMakeFiles/STM32_Drivers.dir/__/__/Drivers/STM32F3xx_HAL_Driver/Src/stm32f3xx_hal_cortex.c.obj
 .text.__NVIC_SetPriority
                0x08003e20       0x54 cmake/stm32cubemx/CMakeFiles/STM32_Drivers.dir/__/__/Drivers/STM32F3xx_HAL_Driver/Src/stm32f3xx_hal_cortex.c.obj
 .text.NVIC_EncodePriority
                0x08003e74       0x66 cmake/stm32cubemx/CMakeFiles/STM32_Drivers.dir/__/__/Drivers/STM32F3xx_HAL_Driver/Src/stm32f3xx_hal_cortex.c.obj
 *fill*         0x08003eda        0x2 
 .text.SysTick_Config
                0x08003edc       0x44 cmake/stm32cubemx/CMakeFiles/STM32_Drivers.dir/__/__/Drivers/STM32F3xx_HAL_Driver/Src/stm32f3xx_hal_cortex.c.obj
 .text.HAL_NVIC_SetPriorityGrouping
                0x08003f20       0x16 cmake/stm32cubemx/CMakeFiles/STM32_Drivers.dir/__/__/Drivers/STM32F3xx_HAL_Driver/Src/stm32f3xx_hal_cortex.c.obj
                0x08003f20                HAL_NVIC_SetPriorityGrouping
 .text.HAL_NVIC_SetPriority
                0x08003f36       0x38 cmake/stm32cubemx/CMakeFiles/STM32_Drivers.dir/__/__/Drivers/STM32F3xx_HAL_Driver/Src/stm32f3xx_hal_cortex.c.obj
                0x08003f36                HAL_NVIC_SetPriority
 .text.HAL_NVIC_EnableIRQ
                0x08003f6e       0x1c cmake/stm32cubemx/CMakeFiles/STM32_Drivers.dir/__/__/Drivers/STM32F3xx_HAL_Driver/Src/stm32f3xx_hal_cortex.c.obj
                0x08003f6e                HAL_NVIC_EnableIRQ
 .text.HAL_SYSTICK_Config
                0x08003f8a       0x18 cmake/stm32cubemx/CMakeFiles/STM32_Drivers.dir/__/__/Drivers/STM32F3xx_HAL_Driver/Src/stm32f3xx_hal_cortex.c.obj
                0x08003f8a                HAL_SYSTICK_Config
 .text.HAL_UART_Init
                0x08003fa2       0x9c cmake/stm32cubemx/CMakeFiles/STM32_Drivers.dir/__/__/Drivers/STM32F3xx_HAL_Driver/Src/stm32f3xx_hal_uart.c.obj
                0x08003fa2                HAL_UART_Init
 *fill*         0x0800403e        0x2 
 .text.HAL_UART_Transmit_IT
                0x08004040       0xbc cmake/stm32cubemx/CMakeFiles/STM32_Drivers.dir/__/__/Drivers/STM32F3xx_HAL_Driver/Src/stm32f3xx_hal_uart.c.obj
                0x08004040                HAL_UART_Transmit_IT
 .text.HAL_UART_Receive_IT
                0x080040fc       0x88 cmake/stm32cubemx/CMakeFiles/STM32_Drivers.dir/__/__/Drivers/STM32F3xx_HAL_Driver/Src/stm32f3xx_hal_uart.c.obj
                0x080040fc                HAL_UART_Receive_IT
 .text.HAL_UART_IRQHandler
                0x08004184      0x5cc cmake/stm32cubemx/CMakeFiles/STM32_Drivers.dir/__/__/Drivers/STM32F3xx_HAL_Driver/Src/stm32f3xx_hal_uart.c.obj
                0x08004184                HAL_UART_IRQHandler
 .text.HAL_UART_TxCpltCallback
                0x08004750       0x14 cmake/stm32cubemx/CMakeFiles/STM32_Drivers.dir/__/__/Drivers/STM32F3xx_HAL_Driver/Src/stm32f3xx_hal_uart.c.obj
                0x08004750                HAL_UART_TxCpltCallback
 .text.HAL_UART_RxCpltCallback
                0x08004764       0x14 cmake/stm32cubemx/CMakeFiles/STM32_Drivers.dir/__/__/Drivers/STM32F3xx_HAL_Driver/Src/stm32f3xx_hal_uart.c.obj
                0x08004764                HAL_UART_RxCpltCallback
 .text.HAL_UART_ErrorCallback
                0x08004778       0x14 cmake/stm32cubemx/CMakeFiles/STM32_Drivers.dir/__/__/Drivers/STM32F3xx_HAL_Driver/Src/stm32f3xx_hal_uart.c.obj
                0x08004778                HAL_UART_ErrorCallback
 .text.HAL_UARTEx_RxEventCallback
                0x0800478c       0x18 cmake/stm32cubemx/CMakeFiles/STM32_Drivers.dir/__/__/Drivers/STM32F3xx_HAL_Driver/Src/stm32f3xx_hal_uart.c.obj
                0x0800478c                HAL_UARTEx_RxEventCallback
 .text.UART_SetConfig
                0x080047a4      0x3a8 cmake/stm32cubemx/CMakeFiles/STM32_Drivers.dir/__/__/Drivers/STM32F3xx_HAL_Driver/Src/stm32f3xx_hal_uart.c.obj
                0x080047a4                UART_SetConfig
 .text.UART_AdvFeatureConfig
                0x08004b4c      0x144 cmake/stm32cubemx/CMakeFiles/STM32_Drivers.dir/__/__/Drivers/STM32F3xx_HAL_Driver/Src/stm32f3xx_hal_uart.c.obj
                0x08004b4c                UART_AdvFeatureConfig
 .text.UART_CheckIdleState
                0x08004c90      0x150 cmake/stm32cubemx/CMakeFiles/STM32_Drivers.dir/__/__/Drivers/STM32F3xx_HAL_Driver/Src/stm32f3xx_hal_uart.c.obj
                0x08004c90                UART_CheckIdleState
 .text.UART_WaitOnFlagUntilTimeout
                0x08004de0       0xda cmake/stm32cubemx/CMakeFiles/STM32_Drivers.dir/__/__/Drivers/STM32F3xx_HAL_Driver/Src/stm32f3xx_hal_uart.c.obj
                0x08004de0                UART_WaitOnFlagUntilTimeout
 *fill*         0x08004eba        0x2 
 .text.UART_Start_Receive_IT
                0x08004ebc      0x18c cmake/stm32cubemx/CMakeFiles/STM32_Drivers.dir/__/__/Drivers/STM32F3xx_HAL_Driver/Src/stm32f3xx_hal_uart.c.obj
                0x08004ebc                UART_Start_Receive_IT
 .text.UART_EndRxTransfer
                0x08005048       0xc8 cmake/stm32cubemx/CMakeFiles/STM32_Drivers.dir/__/__/Drivers/STM32F3xx_HAL_Driver/Src/stm32f3xx_hal_uart.c.obj
 .text.UART_DMAAbortOnError
                0x08005110       0x2c cmake/stm32cubemx/CMakeFiles/STM32_Drivers.dir/__/__/Drivers/STM32F3xx_HAL_Driver/Src/stm32f3xx_hal_uart.c.obj
 .text.UART_TxISR_8BIT
                0x0800513c       0xb6 cmake/stm32cubemx/CMakeFiles/STM32_Drivers.dir/__/__/Drivers/STM32F3xx_HAL_Driver/Src/stm32f3xx_hal_uart.c.obj
 .text.UART_TxISR_16BIT
                0x080051f2       0xc0 cmake/stm32cubemx/CMakeFiles/STM32_Drivers.dir/__/__/Drivers/STM32F3xx_HAL_Driver/Src/stm32f3xx_hal_uart.c.obj
 .text.UART_EndTransmit_IT
                0x080052b2       0x54 cmake/stm32cubemx/CMakeFiles/STM32_Drivers.dir/__/__/Drivers/STM32F3xx_HAL_Driver/Src/stm32f3xx_hal_uart.c.obj
 .text.UART_RxISR_8BIT
                0x08005306      0x1a8 cmake/stm32cubemx/CMakeFiles/STM32_Drivers.dir/__/__/Drivers/STM32F3xx_HAL_Driver/Src/stm32f3xx_hal_uart.c.obj
 .text.UART_RxISR_16BIT
                0x080054ae      0x1a8 cmake/stm32cubemx/CMakeFiles/STM32_Drivers.dir/__/__/Drivers/STM32F3xx_HAL_Driver/Src/stm32f3xx_hal_uart.c.obj
 .text.HAL_UARTEx_WakeupCallback
                0x08005656       0x14 cmake/stm32cubemx/CMakeFiles/STM32_Drivers.dir/__/__/Drivers/STM32F3xx_HAL_Driver/Src/stm32f3xx_hal_uart_ex.c.obj
                0x08005656                HAL_UARTEx_WakeupCallback
 .text.HAL_PCD_Init
                0x0800566a      0x18e cmake/stm32cubemx/CMakeFiles/STM32_Drivers.dir/__/__/Drivers/STM32F3xx_HAL_Driver/Src/stm32f3xx_hal_pcd.c.obj
                0x0800566a                HAL_PCD_Init
 .text.HAL_PCD_IRQHandler
                0x080057f8      0x1a8 cmake/stm32cubemx/CMakeFiles/STM32_Drivers.dir/__/__/Drivers/STM32F3xx_HAL_Driver/Src/stm32f3xx_hal_pcd.c.obj
                0x080057f8                HAL_PCD_IRQHandler
 .text.HAL_PCD_DataOutStageCallback
                0x080059a0       0x18 cmake/stm32cubemx/CMakeFiles/STM32_Drivers.dir/__/__/Drivers/STM32F3xx_HAL_Driver/Src/stm32f3xx_hal_pcd.c.obj
                0x080059a0                HAL_PCD_DataOutStageCallback
 .text.HAL_PCD_DataInStageCallback
                0x080059b8       0x18 cmake/stm32cubemx/CMakeFiles/STM32_Drivers.dir/__/__/Drivers/STM32F3xx_HAL_Driver/Src/stm32f3xx_hal_pcd.c.obj
                0x080059b8                HAL_PCD_DataInStageCallback
 .text.HAL_PCD_SetupStageCallback
                0x080059d0       0x14 cmake/stm32cubemx/CMakeFiles/STM32_Drivers.dir/__/__/Drivers/STM32F3xx_HAL_Driver/Src/stm32f3xx_hal_pcd.c.obj
                0x080059d0                HAL_PCD_SetupStageCallback
 .text.HAL_PCD_SOFCallback
                0x080059e4       0x14 cmake/stm32cubemx/CMakeFiles/STM32_Drivers.dir/__/__/Drivers/STM32F3xx_HAL_Driver/Src/stm32f3xx_hal_pcd.c.obj
                0x080059e4                HAL_PCD_SOFCallback
 .text.HAL_PCD_ResetCallback
                0x080059f8       0x14 cmake/stm32cubemx/CMakeFiles/STM32_Drivers.dir/__/__/Drivers/STM32F3xx_HAL_Driver/Src/stm32f3xx_hal_pcd.c.obj
                0x080059f8                HAL_PCD_ResetCallback
 .text.HAL_PCD_SuspendCallback
                0x08005a0c       0x14 cmake/stm32cubemx/CMakeFiles/STM32_Drivers.dir/__/__/Drivers/STM32F3xx_HAL_Driver/Src/stm32f3xx_hal_pcd.c.obj
                0x08005a0c                HAL_PCD_SuspendCallback
 .text.HAL_PCD_ResumeCallback
                0x08005a20       0x14 cmake/stm32cubemx/CMakeFiles/STM32_Drivers.dir/__/__/Drivers/STM32F3xx_HAL_Driver/Src/stm32f3xx_hal_pcd.c.obj
                0x08005a20                HAL_PCD_ResumeCallback
 .text.HAL_PCD_SetAddress
                0x08005a34       0x48 cmake/stm32cubemx/CMakeFiles/STM32_Drivers.dir/__/__/Drivers/STM32F3xx_HAL_Driver/Src/stm32f3xx_hal_pcd.c.obj
                0x08005a34                HAL_PCD_SetAddress
 .text.PCD_EP_ISR_Handler
                0x08005a7c      0x782 cmake/stm32cubemx/CMakeFiles/STM32_Drivers.dir/__/__/Drivers/STM32F3xx_HAL_Driver/Src/stm32f3xx_hal_pcd.c.obj
 .text.HAL_PCD_EP_DB_Receive
                0x080061fe      0x212 cmake/stm32cubemx/CMakeFiles/STM32_Drivers.dir/__/__/Drivers/STM32F3xx_HAL_Driver/Src/stm32f3xx_hal_pcd.c.obj
 .text.HAL_PCD_EP_DB_Transmit
                0x08006410      0x7ec cmake/stm32cubemx/CMakeFiles/STM32_Drivers.dir/__/__/Drivers/STM32F3xx_HAL_Driver/Src/stm32f3xx_hal_pcd.c.obj
 .text.board_init
                0x08006bfc       0x2c CMakeFiles/furkan_cmake.dir/Core/Src/main.c.obj
                0x08006bfc                board_init
 .text.SystemClock_Config
                0x08006c28       0xd8 CMakeFiles/furkan_cmake.dir/Core/Src/main.c.obj
                0x08006c28                SystemClock_Config
 .text.MX_RTC_Init
                0x08006d00       0x4c CMakeFiles/furkan_cmake.dir/Core/Src/main.c.obj
 .text.MX_USART1_UART_Init
                0x08006d4c       0x60 CMakeFiles/furkan_cmake.dir/Core/Src/main.c.obj
 .text.MX_USART2_UART_Init
                0x08006dac       0x60 CMakeFiles/furkan_cmake.dir/Core/Src/main.c.obj
 .text.MX_USART3_UART_Init
                0x08006e0c       0x60 CMakeFiles/furkan_cmake.dir/Core/Src/main.c.obj
 .text.MX_USB_PCD_Init
                0x08006e6c       0x4c CMakeFiles/furkan_cmake.dir/Core/Src/main.c.obj
 .text.MX_DMA_Init
                0x08006eb8       0x4c CMakeFiles/furkan_cmake.dir/Core/Src/main.c.obj
 .text.MX_GPIO_Init
                0x08006f04      0x144 CMakeFiles/furkan_cmake.dir/Core/Src/main.c.obj
 .text.Error_Handler
                0x08007048        0xc CMakeFiles/furkan_cmake.dir/Core/Src/main.c.obj
                0x08007048                Error_Handler
 .text.NMI_Handler
                0x08007054        0x8 CMakeFiles/furkan_cmake.dir/Core/Src/stm32f3xx_it.c.obj
                0x08007054                NMI_Handler
 .text.HardFault_Handler
                0x0800705c        0x8 CMakeFiles/furkan_cmake.dir/Core/Src/stm32f3xx_it.c.obj
                0x0800705c                HardFault_Handler
 .text.MemManage_Handler
                0x08007064        0x8 CMakeFiles/furkan_cmake.dir/Core/Src/stm32f3xx_it.c.obj
                0x08007064                MemManage_Handler
 .text.BusFault_Handler
                0x0800706c        0x8 CMakeFiles/furkan_cmake.dir/Core/Src/stm32f3xx_it.c.obj
                0x0800706c                BusFault_Handler
 .text.UsageFault_Handler
                0x08007074        0x8 CMakeFiles/furkan_cmake.dir/Core/Src/stm32f3xx_it.c.obj
                0x08007074                UsageFault_Handler
 .text.SVC_Handler
                0x0800707c        0xe CMakeFiles/furkan_cmake.dir/Core/Src/stm32f3xx_it.c.obj
                0x0800707c                SVC_Handler
 .text.DebugMon_Handler
                0x0800708a        0xe CMakeFiles/furkan_cmake.dir/Core/Src/stm32f3xx_it.c.obj
                0x0800708a                DebugMon_Handler
 .text.PendSV_Handler
                0x08007098        0xe CMakeFiles/furkan_cmake.dir/Core/Src/stm32f3xx_it.c.obj
                0x08007098                PendSV_Handler
 .text.SysTick_Handler
                0x080070a6        0xc CMakeFiles/furkan_cmake.dir/Core/Src/stm32f3xx_it.c.obj
                0x080070a6                SysTick_Handler
 *fill*         0x080070b2        0x2 
 .text.DMA1_Channel4_IRQHandler
                0x080070b4       0x14 CMakeFiles/furkan_cmake.dir/Core/Src/stm32f3xx_it.c.obj
                0x080070b4                DMA1_Channel4_IRQHandler
 .text.DMA1_Channel5_IRQHandler
                0x080070c8       0x14 CMakeFiles/furkan_cmake.dir/Core/Src/stm32f3xx_it.c.obj
                0x080070c8                DMA1_Channel5_IRQHandler
 .text.USB_LP_CAN_RX0_IRQHandler
                0x080070dc       0x14 CMakeFiles/furkan_cmake.dir/Core/Src/stm32f3xx_it.c.obj
                0x080070dc                USB_LP_CAN_RX0_IRQHandler
 .text.USART2_IRQHandler
                0x080070f0       0x14 CMakeFiles/furkan_cmake.dir/Core/Src/stm32f3xx_it.c.obj
                0x080070f0                USART2_IRQHandler
 .text.HAL_MspInit
                0x08007104       0x48 CMakeFiles/furkan_cmake.dir/Core/Src/stm32f3xx_hal_msp.c.obj
                0x08007104                HAL_MspInit
 .text.HAL_RTC_MspInit
                0x0800714c       0x4c CMakeFiles/furkan_cmake.dir/Core/Src/stm32f3xx_hal_msp.c.obj
                0x0800714c                HAL_RTC_MspInit
 .text.HAL_UART_MspInit
                0x08007198      0x240 CMakeFiles/furkan_cmake.dir/Core/Src/stm32f3xx_hal_msp.c.obj
                0x08007198                HAL_UART_MspInit
 .text.HAL_PCD_MspInit
                0x080073d8       0x4c CMakeFiles/furkan_cmake.dir/Core/Src/stm32f3xx_hal_msp.c.obj
                0x080073d8                HAL_PCD_MspInit
 .text.Reset_Handler
                0x08007424       0x50 CMakeFiles/furkan_cmake.dir/startup_stm32f303xe.s.obj
                0x08007424                Reset_Handler
 .text.Default_Handler
                0x08007474        0x2 CMakeFiles/furkan_cmake.dir/startup_stm32f303xe.s.obj
                0x08007474                RTC_Alarm_IRQHandler
                0x08007474                TIM8_TRG_COM_IRQHandler
                0x08007474                TIM8_CC_IRQHandler
                0x08007474                SPI4_IRQHandler
                0x08007474                TIM1_CC_IRQHandler
                0x08007474                USB_HP_IRQHandler
                0x08007474                PVD_IRQHandler
                0x08007474                TAMP_STAMP_IRQHandler
                0x08007474                EXTI3_IRQHandler
                0x08007474                I2C3_ER_IRQHandler
                0x08007474                USB_HP_CAN_TX_IRQHandler
                0x08007474                EXTI0_IRQHandler
                0x08007474                I2C2_EV_IRQHandler
                0x08007474                FPU_IRQHandler
                0x08007474                TIM1_UP_TIM16_IRQHandler
                0x08007474                ADC1_2_IRQHandler
                0x08007474                SPI1_IRQHandler
                0x08007474                CAN_SCE_IRQHandler
                0x08007474                TIM6_DAC_IRQHandler
                0x08007474                TIM8_UP_IRQHandler
                0x08007474                DMA2_Channel2_IRQHandler
                0x08007474                TIM20_TRG_COM_IRQHandler
                0x08007474                USART3_IRQHandler
                0x08007474                DMA1_Channel7_IRQHandler
                0x08007474                UART5_IRQHandler
                0x08007474                ADC3_IRQHandler
                0x08007474                TIM4_IRQHandler
                0x08007474                CAN_RX1_IRQHandler
                0x08007474                DMA2_Channel1_IRQHandler
                0x08007474                I2C1_EV_IRQHandler
                0x08007474                DMA1_Channel6_IRQHandler
                0x08007474                UART4_IRQHandler
                0x08007474                DMA2_Channel4_IRQHandler
                0x08007474                TIM3_IRQHandler
                0x08007474                RCC_IRQHandler
                0x08007474                TIM20_UP_IRQHandler
                0x08007474                DMA1_Channel1_IRQHandler
                0x08007474                Default_Handler
                0x08007474                USBWakeUp_RMP_IRQHandler
                0x08007474                EXTI15_10_IRQHandler
                0x08007474                TIM7_IRQHandler
                0x08007474                I2C3_EV_IRQHandler
                0x08007474                EXTI9_5_IRQHandler
                0x08007474                RTC_WKUP_IRQHandler
                0x08007474                SPI2_IRQHandler
                0x08007474                DMA2_Channel5_IRQHandler
                0x08007474                USB_LP_IRQHandler
                0x08007474                EXTI4_IRQHandler
                0x08007474                TIM1_TRG_COM_TIM17_IRQHandler
                0x08007474                DMA1_Channel3_IRQHandler
                0x08007474                ADC4_IRQHandler
                0x08007474                WWDG_IRQHandler
                0x08007474                TIM2_IRQHandler
                0x08007474                COMP7_IRQHandler
                0x08007474                COMP1_2_3_IRQHandler
                0x08007474                EXTI1_IRQHandler
                0x08007474                COMP4_5_6_IRQHandler
                0x08007474                TIM20_BRK_IRQHandler
                0x08007474                I2C2_ER_IRQHandler
                0x08007474                DMA1_Channel2_IRQHandler
                0x08007474                TIM8_BRK_IRQHandler
                0x08007474                FLASH_IRQHandler
                0x08007474                TIM20_CC_IRQHandler
                0x08007474                USART1_IRQHandler
                0x08007474                SPI3_IRQHandler
                0x08007474                I2C1_ER_IRQHandler
                0x08007474                FMC_IRQHandler
                0x08007474                USBWakeUp_IRQHandler
                0x08007474                DMA2_Channel3_IRQHandler
                0x08007474                EXTI2_TSC_IRQHandler
                0x08007474                TIM1_BRK_TIM15_IRQHandler
 .text._ZNSt8__detail16__extent_storageILj4294967295EEC2Ej
                0x08007476       0x1e CMakeFiles/furkan_cmake.dir/Core/App/main.cpp.obj
                0x08007476                std::__detail::__extent_storage<4294967295u>::__extent_storage(unsigned int)
                0x08007476                std::__detail::__extent_storage<4294967295u>::__extent_storage(unsigned int)
 .text._ZNKSt8__detail16__extent_storageILj4294967295EE9_M_extentEv
                0x08007494       0x18 CMakeFiles/furkan_cmake.dir/Core/App/main.cpp.obj
                0x08007494                std::__detail::__extent_storage<4294967295u>::_M_extent() const
 .text._ZN5ICommC2Ev
                0x080074ac       0x20 CMakeFiles/furkan_cmake.dir/Core/App/main.cpp.obj
                0x080074ac                IComm::IComm()
                0x080074ac                IComm::IComm()
 .text._ZN5ICommD2Ev
                0x080074cc       0x20 CMakeFiles/furkan_cmake.dir/Core/App/main.cpp.obj
                0x080074cc                IComm::~IComm()
                0x080074cc                IComm::~IComm()
 .text._ZN5ICommD0Ev
                0x080074ec       0x20 CMakeFiles/furkan_cmake.dir/Core/App/main.cpp.obj
                0x080074ec                IComm::~IComm()
 .text._ZN4UartC2ERK10UartConfigR5IUart
                0x0800750c       0x3c CMakeFiles/furkan_cmake.dir/Core/App/main.cpp.obj
                0x0800750c                Uart::Uart(UartConfig const&, IUart&)
                0x0800750c                Uart::Uart(UartConfig const&, IUart&)
 .text._ZN4Uart4initEv
                0x08007548       0x28 CMakeFiles/furkan_cmake.dir/Core/App/main.cpp.obj
                0x08007548                Uart::init()
 .text._ZN4Uart5writeESt4spanIKhLj4294967295EE
                0x08007570       0x2c CMakeFiles/furkan_cmake.dir/Core/App/main.cpp.obj
                0x08007570                Uart::write(std::span<unsigned char const, 4294967295u>)
 .text._ZN4Uart4readESt4spanIhLj4294967295EE
                0x0800759c       0x2c CMakeFiles/furkan_cmake.dir/Core/App/main.cpp.obj
                0x0800759c                Uart::read(std::span<unsigned char, 4294967295u>)
 .text._ZN5IUartD2Ev
                0x080075c8       0x20 CMakeFiles/furkan_cmake.dir/Core/App/main.cpp.obj
                0x080075c8                IUart::~IUart()
                0x080075c8                IUart::~IUart()
 .text._ZN5IUartD0Ev
                0x080075e8       0x20 CMakeFiles/furkan_cmake.dir/Core/App/main.cpp.obj
                0x080075e8                IUart::~IUart()
 .text._ZN8ArchUartD2Ev
                0x08007608       0x24 CMakeFiles/furkan_cmake.dir/Core/App/main.cpp.obj
                0x08007608                ArchUart::~ArchUart()
                0x08007608                ArchUart::~ArchUart()
 .text._ZN8ArchUartD0Ev
                0x0800762c       0x22 CMakeFiles/furkan_cmake.dir/Core/App/main.cpp.obj
                0x0800762c                ArchUart::~ArchUart()
 *fill*         0x0800764e        0x2 
 .text._ZN4UartD2Ev
                0x08007650       0x24 CMakeFiles/furkan_cmake.dir/Core/App/main.cpp.obj
                0x08007650                Uart::~Uart()
                0x08007650                Uart::~Uart()
 .text._ZN4UartD0Ev
                0x08007674       0x20 CMakeFiles/furkan_cmake.dir/Core/App/main.cpp.obj
                0x08007674                Uart::~Uart()
 .text._ZNSt4spanIhLj4294967295EEC1IhLj4EEERSt5arrayIT_XT0_EE
                0x08007694       0x24 CMakeFiles/furkan_cmake.dir/Core/App/main.cpp.obj
                0x08007694                std::span<unsigned char, 4294967295u>::span<unsigned char, 4u>(std::array<unsigned char, 4u>&)
 .text._ZNSt4spanIhLj4294967295EEC1IPhEET_j
                0x080076b8       0x2e CMakeFiles/furkan_cmake.dir/Core/App/main.cpp.obj
                0x080076b8                std::span<unsigned char, 4294967295u>::span<unsigned char*>(unsigned char*, unsigned int)
 .text._ZSt10to_addressIhEPT_S1_
                0x080076e6       0x18 CMakeFiles/furkan_cmake.dir/Core/App/main.cpp.obj
                0x080076e6                unsigned char* std::to_address<unsigned char>(unsigned char*)
 .text._ZSt12__to_addressIhEPT_S1_
                0x080076fe       0x16 CMakeFiles/furkan_cmake.dir/Core/App/main.cpp.obj
                0x080076fe                unsigned char* std::__to_address<unsigned char>(unsigned char*)
 .text._ZNSt4spanIhLj4294967295EEC1IhLj16EEERSt5arrayIT_XT0_EE
                0x08007714       0x24 CMakeFiles/furkan_cmake.dir/Core/App/main.cpp.obj
                0x08007714                std::span<unsigned char, 4294967295u>::span<unsigned char, 16u>(std::array<unsigned char, 16u>&)
 .text._ZNSt4spanIKhLj4294967295EEC1IhLj4EEERSt5arrayIT_XT0_EE
                0x08007738       0x24 CMakeFiles/furkan_cmake.dir/Core/App/main.cpp.obj
                0x08007738                std::span<unsigned char const, 4294967295u>::span<unsigned char, 4u>(std::array<unsigned char, 4u>&)
 .text._ZNSt4spanIKhLj4294967295EEC1IPS0_EET_j
                0x0800775c       0x2e CMakeFiles/furkan_cmake.dir/Core/App/main.cpp.obj
                0x0800775c                std::span<unsigned char const, 4294967295u>::span<unsigned char const*>(unsigned char const*, unsigned int)
 .text._ZSt10to_addressIKhEPT_S2_
                0x0800778a       0x18 CMakeFiles/furkan_cmake.dir/Core/App/main.cpp.obj
                0x0800778a                unsigned char const* std::to_address<unsigned char const>(unsigned char const*)
 .text._ZSt12__to_addressIKhEPT_S2_
                0x080077a2       0x16 CMakeFiles/furkan_cmake.dir/Core/App/main.cpp.obj
                0x080077a2                unsigned char const* std::__to_address<unsigned char const>(unsigned char const*)
 .text.main     0x080077b8      0x194 CMakeFiles/furkan_cmake.dir/Core/App/main.cpp.obj
                0x080077b8                main
 .text._ZNSt4spanIKhLj4294967295EEC2IhLj4294967295EEERKS_IT_XT0_EE
                0x0800794c       0x34 CMakeFiles/furkan_cmake.dir/Core/App/main.cpp.obj
                0x0800794c                std::span<unsigned char const, 4294967295u>::span<unsigned char, 4294967295u>(std::span<unsigned char, 4294967295u> const&)
                0x0800794c                std::span<unsigned char const, 4294967295u>::span<unsigned char, 4294967295u>(std::span<unsigned char, 4294967295u> const&)
 .text._ZNKSt4spanIhLj4294967295EE4sizeEv
                0x08007980       0x1c CMakeFiles/furkan_cmake.dir/Core/App/main.cpp.obj
                0x08007980                std::span<unsigned char, 4294967295u>::size() const
 .text._ZNKSt4spanIhLj4294967295EE4dataEv
                0x0800799c       0x18 CMakeFiles/furkan_cmake.dir/Core/App/main.cpp.obj
                0x0800799c                std::span<unsigned char, 4294967295u>::data() const
 .text._ZN5IUartC2Ev
                0x080079b4       0x20 CMakeFiles/furkan_cmake.dir/Core/App/hal/stm32/ArchUart.cpp.obj
                0x080079b4                IUart::IUart()
                0x080079b4                IUart::IUart()
 .text._ZN8ArchUartC2EP20__UART_HandleTypeDef
                0x080079d4       0x3c CMakeFiles/furkan_cmake.dir/Core/App/hal/stm32/ArchUart.cpp.obj
                0x080079d4                ArchUart::ArchUart(__UART_HandleTypeDef*)
                0x080079d4                ArchUart::ArchUart(__UART_HandleTypeDef*)
 .text._ZN8ArchUart4initERK10UartConfig
                0x08007a10       0x24 CMakeFiles/furkan_cmake.dir/Core/App/hal/stm32/ArchUart.cpp.obj
                0x08007a10                ArchUart::init(UartConfig const&)
 .text._ZNKSt4spanIKhLj4294967295EE4sizeEv
                0x08007a34       0x1c CMakeFiles/furkan_cmake.dir/Core/App/hal/stm32/ArchUart.cpp.obj
                0x08007a34                std::span<unsigned char const, 4294967295u>::size() const
 .text._ZNKSt4spanIKhLj4294967295EE4dataEv
                0x08007a50       0x18 CMakeFiles/furkan_cmake.dir/Core/App/hal/stm32/ArchUart.cpp.obj
                0x08007a50                std::span<unsigned char const, 4294967295u>::data() const
 .text._ZN8ArchUart5writeESt4spanIKhLj4294967295EE
                0x08007a68       0xac CMakeFiles/furkan_cmake.dir/Core/App/hal/stm32/ArchUart.cpp.obj
                0x08007a68                ArchUart::write(std::span<unsigned char const, 4294967295u>)
 .text._ZN8ArchUart4readESt4spanIhLj4294967295EE
                0x08007b14       0x76 CMakeFiles/furkan_cmake.dir/Core/App/hal/stm32/ArchUart.cpp.obj
                0x08007b14                ArchUart::read(std::span<unsigned char, 4294967295u>)
 .text._ZNKSt4spanIKhLj4294967295EE5emptyEv
                0x08007b8a       0x22 CMakeFiles/furkan_cmake.dir/Core/App/hal/stm32/ArchUart.cpp.obj
                0x08007b8a                std::span<unsigned char const, 4294967295u>::empty() const
 .text._ZNKSt4spanIhLj4294967295EE5emptyEv
                0x08007bac       0x22 CMakeFiles/furkan_cmake.dir/Core/App/hal/stm32/ArchUart.cpp.obj
                0x08007bac                std::span<unsigned char, 4294967295u>::empty() const
 .text._ZdlPvj  0x08007bce        0x4 /opt/st/stm32cubeclt_1.19.0/GNU-tools-for-STM32/bin/../lib/gcc/arm-none-eabi/13.3.1/../../../../arm-none-eabi/lib/thumb/v7e-m+fp/hard/libstdc++_nano.a(del_ops.o)
                0x08007bce                operator delete(void*, unsigned int)
 .text._ZdlPv   0x08007bd2        0x4 /opt/st/stm32cubeclt_1.19.0/GNU-tools-for-STM32/bin/../lib/gcc/arm-none-eabi/13.3.1/../../../../arm-none-eabi/lib/thumb/v7e-m+fp/hard/libstdc++_nano.a(del_op.o)
                0x08007bd2                operator delete(void*)
 *fill*         0x08007bd6        0x2 
 .text.free     0x08007bd8       0x10 /opt/st/stm32cubeclt_1.19.0/GNU-tools-for-STM32/bin/../lib/gcc/arm-none-eabi/13.3.1/../../../../arm-none-eabi/lib/thumb/v7e-m+fp/hard/libg_nano.a(libc_a-malloc.o)
                0x08007bd8                free
 .text.__malloc_lock
                0x08007be8        0xc /opt/st/stm32cubeclt_1.19.0/GNU-tools-for-STM32/bin/../lib/gcc/arm-none-eabi/13.3.1/../../../../arm-none-eabi/lib/thumb/v7e-m+fp/hard/libg_nano.a(libc_a-mlock.o)
                0x08007be8                __malloc_lock
 .text.__malloc_unlock
                0x08007bf4        0xc /opt/st/stm32cubeclt_1.19.0/GNU-tools-for-STM32/bin/../lib/gcc/arm-none-eabi/13.3.1/../../../../arm-none-eabi/lib/thumb/v7e-m+fp/hard/libg_nano.a(libc_a-mlock.o)
                0x08007bf4                __malloc_unlock
 .text.memset   0x08007c00       0x10 /opt/st/stm32cubeclt_1.19.0/GNU-tools-for-STM32/bin/../lib/gcc/arm-none-eabi/13.3.1/../../../../arm-none-eabi/lib/thumb/v7e-m+fp/hard/libg_nano.a(libc_a-memset.o)
                0x08007c00                memset
 .text.__libc_init_array
                0x08007c10       0x48 /opt/st/stm32cubeclt_1.19.0/GNU-tools-for-STM32/bin/../lib/gcc/arm-none-eabi/13.3.1/../../../../arm-none-eabi/lib/thumb/v7e-m+fp/hard/libg_nano.a(libc_a-init.o)
                0x08007c10                __libc_init_array
 .text.__retarget_lock_acquire_recursive
                0x08007c58        0x2 /opt/st/stm32cubeclt_1.19.0/GNU-tools-for-STM32/bin/../lib/gcc/arm-none-eabi/13.3.1/../../../../arm-none-eabi/lib/thumb/v7e-m+fp/hard/libg_nano.a(libc_a-lock.o)
                0x08007c58                __retarget_lock_acquire_recursive
 .text.__retarget_lock_release_recursive
                0x08007c5a        0x2 /opt/st/stm32cubeclt_1.19.0/GNU-tools-for-STM32/bin/../lib/gcc/arm-none-eabi/13.3.1/../../../../arm-none-eabi/lib/thumb/v7e-m+fp/hard/libg_nano.a(libc_a-lock.o)
                0x08007c5a                __retarget_lock_release_recursive
 .text.memcpy   0x08007c5c       0x1c /opt/st/stm32cubeclt_1.19.0/GNU-tools-for-STM32/bin/../lib/gcc/arm-none-eabi/13.3.1/../../../../arm-none-eabi/lib/thumb/v7e-m+fp/hard/libg_nano.a(libc_a-memcpy-stub.o)
                0x08007c5c                memcpy
 .text._free_r  0x08007c78       0x94 /opt/st/stm32cubeclt_1.19.0/GNU-tools-for-STM32/bin/../lib/gcc/arm-none-eabi/13.3.1/../../../../arm-none-eabi/lib/thumb/v7e-m+fp/hard/libg_nano.a(libc_a-freer.o)
                0x08007c78                _free_r
 *(.glue_7)
 .glue_7        0x08007d0c        0x0 linker stubs
 *(.glue_7t)
 .glue_7t       0x08007d0c        0x0 linker stubs
 *(.eh_frame)
 .eh_frame      0x08007d0c        0x0 /opt/st/stm32cubeclt_1.19.0/GNU-tools-for-STM32/bin/../lib/gcc/arm-none-eabi/13.3.1/thumb/v7e-m+fp/hard/crtbegin.o
 *(.init)
 .init          0x08007d0c        0x4 /opt/st/stm32cubeclt_1.19.0/GNU-tools-for-STM32/bin/../lib/gcc/arm-none-eabi/13.3.1/thumb/v7e-m+fp/hard/crti.o
                0x08007d0c                _init
 .init          0x08007d10        0x8 /opt/st/stm32cubeclt_1.19.0/GNU-tools-for-STM32/bin/../lib/gcc/arm-none-eabi/13.3.1/thumb/v7e-m+fp/hard/crtn.o
 *(.fini)
 .fini          0x08007d18        0x4 /opt/st/stm32cubeclt_1.19.0/GNU-tools-for-STM32/bin/../lib/gcc/arm-none-eabi/13.3.1/thumb/v7e-m+fp/hard/crti.o
                0x08007d18                _fini
 .fini          0x08007d1c        0x8 /opt/st/stm32cubeclt_1.19.0/GNU-tools-for-STM32/bin/../lib/gcc/arm-none-eabi/13.3.1/thumb/v7e-m+fp/hard/crtn.o
                0x08007d24                        . = ALIGN (0x4)
                0x08007d24                        _etext = .

.vfp11_veneer   0x08007d24        0x0
 .vfp11_veneer  0x08007d24        0x0 linker stubs

.v4_bx          0x08007d24        0x0
 .v4_bx         0x08007d24        0x0 linker stubs

.iplt           0x08007d24        0x0
 .iplt          0x08007d24        0x0 /opt/st/stm32cubeclt_1.19.0/GNU-tools-for-STM32/bin/../lib/gcc/arm-none-eabi/13.3.1/thumb/v7e-m+fp/hard/crtbegin.o

.rodata         0x08007d24       0xc0
                0x08007d24                        . = ALIGN (0x4)
 *(.rodata)
 .rodata        0x08007d24       0x18 CMakeFiles/furkan_cmake.dir/Core/App/main.cpp.obj
 *(.rodata*)
 .rodata.AHBPrescTable
                0x08007d3c       0x10 cmake/stm32cubemx/CMakeFiles/STM32_Drivers.dir/__/__/Core/Src/system_stm32f3xx.c.obj
                0x08007d3c                AHBPrescTable
 .rodata.APBPrescTable
                0x08007d4c        0x8 cmake/stm32cubemx/CMakeFiles/STM32_Drivers.dir/__/__/Core/Src/system_stm32f3xx.c.obj
                0x08007d4c                APBPrescTable
 .rodata.aPLLMULFactorTable
                0x08007d54       0x10 cmake/stm32cubemx/CMakeFiles/STM32_Drivers.dir/__/__/Drivers/STM32F3xx_HAL_Driver/Src/stm32f3xx_hal_rcc.c.obj
 .rodata.aPredivFactorTable
                0x08007d64       0x10 cmake/stm32cubemx/CMakeFiles/STM32_Drivers.dir/__/__/Drivers/STM32F3xx_HAL_Driver/Src/stm32f3xx_hal_rcc.c.obj
 .rodata._ZTV4Uart
                0x08007d74       0x1c CMakeFiles/furkan_cmake.dir/Core/App/main.cpp.obj
                0x08007d74                vtable for Uart
 .rodata._ZTV5IUart
                0x08007d90       0x1c CMakeFiles/furkan_cmake.dir/Core/App/main.cpp.obj
                0x08007d90                vtable for IUart
 .rodata._ZTV5IComm
                0x08007dac       0x1c CMakeFiles/furkan_cmake.dir/Core/App/main.cpp.obj
                0x08007dac                vtable for IComm
 .rodata._ZTV8ArchUart
                0x08007dc8       0x1c CMakeFiles/furkan_cmake.dir/Core/App/hal/stm32/ArchUart.cpp.obj
                0x08007dc8                vtable for ArchUart
                0x08007de4                        . = ALIGN (0x4)

.ARM.extab      0x08007de4        0x0
                0x08007de4                        . = ALIGN (0x4)
 *(.ARM.extab* .gnu.linkonce.armextab.*)
                0x08007de4                        . = ALIGN (0x4)

.ARM            0x08007de4        0x0
                0x08007de4                        . = ALIGN (0x4)
                0x08007de4                        __exidx_start = .
 *(.ARM.exidx*)
                0x08007de4                        __exidx_end = .
                0x08007de4                        . = ALIGN (0x4)

.preinit_array  0x08007de4        0x0
                0x08007de4                        . = ALIGN (0x4)
                0x08007de4                        PROVIDE (__preinit_array_start = .)
 *(.preinit_array*)
                0x08007de4                        PROVIDE (__preinit_array_end = .)
                0x08007de4                        . = ALIGN (0x4)

.init_array     0x08007de4        0x4
                0x08007de4                        . = ALIGN (0x4)
                0x08007de4                        PROVIDE (__init_array_start = .)
 *(SORT_BY_NAME(.init_array.*))
 *(.init_array*)
 .init_array    0x08007de4        0x4 /opt/st/stm32cubeclt_1.19.0/GNU-tools-for-STM32/bin/../lib/gcc/arm-none-eabi/13.3.1/thumb/v7e-m+fp/hard/crtbegin.o
                0x08007de8                        PROVIDE (__init_array_end = .)
                0x08007de8                        . = ALIGN (0x4)

.fini_array     0x08007de8        0x4
                0x08007de8                        . = ALIGN (0x4)
                [!provide]                        PROVIDE (__fini_array_start = .)
 *(SORT_BY_NAME(.fini_array.*))
 *(.fini_array*)
 .fini_array    0x08007de8        0x4 /opt/st/stm32cubeclt_1.19.0/GNU-tools-for-STM32/bin/../lib/gcc/arm-none-eabi/13.3.1/thumb/v7e-m+fp/hard/crtbegin.o
                [!provide]                        PROVIDE (__fini_array_end = .)
                0x08007dec                        . = ALIGN (0x4)
                0x08007dec                        _siccmram = LOADADDR (.ccmram)

.rel.dyn        0x08007dec        0x0
 .rel.iplt      0x08007dec        0x0 /opt/st/stm32cubeclt_1.19.0/GNU-tools-for-STM32/bin/../lib/gcc/arm-none-eabi/13.3.1/thumb/v7e-m+fp/hard/crtbegin.o

.ccmram         0x10000000        0x0 load address 0x08007dec
                0x10000000                        . = ALIGN (0x4)
                0x10000000                        _sccmram = .
 *(.ccmram)
 *(.ccmram*)
                0x10000000                        . = ALIGN (0x4)
                0x10000000                        _eccmram = .
                0x08007dec                        _sidata = LOADADDR (.data)

.data           0x20000000       0x5c load address 0x08007dec
                0x20000000                        . = ALIGN (0x4)
                0x20000000                        _sdata = .
 *(.data)
 *(.data*)
 .data.SystemCoreClock
                0x20000000        0x4 cmake/stm32cubemx/CMakeFiles/STM32_Drivers.dir/__/__/Core/Src/system_stm32f3xx.c.obj
                0x20000000                SystemCoreClock
 .data.uwTickPrio
                0x20000004        0x4 cmake/stm32cubemx/CMakeFiles/STM32_Drivers.dir/__/__/Drivers/STM32F3xx_HAL_Driver/Src/stm32f3xx_hal.c.obj
                0x20000004                uwTickPrio
 .data.uwTickFreq
                0x20000008        0x1 cmake/stm32cubemx/CMakeFiles/STM32_Drivers.dir/__/__/Drivers/STM32F3xx_HAL_Driver/Src/stm32f3xx_hal.c.obj
                0x20000008                uwTickFreq
 *fill*         0x20000009        0x3 
 .data._impure_ptr
                0x2000000c        0x4 /opt/st/stm32cubeclt_1.19.0/GNU-tools-for-STM32/bin/../lib/gcc/arm-none-eabi/13.3.1/../../../../arm-none-eabi/lib/thumb/v7e-m+fp/hard/libg_nano.a(libc_a-impure.o)
                0x2000000c                _impure_ptr
 .data._impure_data
                0x20000010       0x4c /opt/st/stm32cubeclt_1.19.0/GNU-tools-for-STM32/bin/../lib/gcc/arm-none-eabi/13.3.1/../../../../arm-none-eabi/lib/thumb/v7e-m+fp/hard/libg_nano.a(libc_a-impure.o)
                0x20000010                _impure_data
 *(.RamFunc)
 *(.RamFunc*)
                0x2000005c                        . = ALIGN (0x4)

.igot.plt       0x2000005c        0x0 load address 0x08007e48
 .igot.plt      0x2000005c        0x0 /opt/st/stm32cubeclt_1.19.0/GNU-tools-for-STM32/bin/../lib/gcc/arm-none-eabi/13.3.1/thumb/v7e-m+fp/hard/crtbegin.o

.tdata          0x2000005c        0x0 load address 0x08007e48
 *(.tdata .tdata.* .gnu.linkonce.td.*)
                0x2000005c                        . = ALIGN (0x4)
                0x2000005c                        _edata = .
                [!provide]                        PROVIDE (__data_end = .)
                [!provide]                        PROVIDE (__tdata_end = .)
                [!provide]                        PROVIDE (__tdata_start = ADDR (.tdata))
                [!provide]                        PROVIDE (__tdata_size = (__tdata_end - __tdata_start))
                [!provide]                        PROVIDE (__data_start = ADDR (.data))
                [!provide]                        PROVIDE (__data_size = (__data_end - __data_start))
                [!provide]                        PROVIDE (__tdata_source = LOADADDR (.tdata))
                [!provide]                        PROVIDE (__tdata_source_end = (LOADADDR (.tdata) + SIZEOF (.tdata)))
                [!provide]                        PROVIDE (__tdata_source_size = (__tdata_source_end - __tdata_source))
                [!provide]                        PROVIDE (__data_source = LOADADDR (.data))
                [!provide]                        PROVIDE (__data_source_end = __tdata_source_end)
                [!provide]                        PROVIDE (__data_source_size = (__data_source_end - __data_source))

.tbss           0x2000005c        0x0 load address 0x08007e48
                0x2000005c                        _sbss = .
                0x2000005c                        __bss_start__ = _sbss
 *(.tbss .tbss.*)
                0x2000005c                        . = ALIGN (0x4)
                [!provide]                        PROVIDE (__tbss_end = .)
                [!provide]                        PROVIDE (__tbss_start = ADDR (.tbss))
                [!provide]                        PROVIDE (__tbss_size = (__tbss_end - __tbss_start))
                [!provide]                        PROVIDE (__tbss_offset = (ADDR (.tbss) - ADDR (.tdata)))
                [!provide]                        PROVIDE (__tls_base = __tdata_start)
                [!provide]                        PROVIDE (__tls_end = __tbss_end)
                [!provide]                        PROVIDE (__tls_size = (__tls_end - __tls_base))
                [!provide]                        PROVIDE (__tls_align = MAX (ALIGNOF (.tdata), ALIGNOF (.tbss)))
                [!provide]                        PROVIDE (__tls_size_align = (((__tls_size + __tls_align) - 0x1) & ~ ((__tls_align - 0x1))))
                [!provide]                        PROVIDE (__arm32_tls_tcb_offset = MAX (0x8, __tls_align))
                [!provide]                        PROVIDE (__arm64_tls_tcb_offset = MAX (0x10, __tls_align))

.bss            0x2000005c      0x674 load address 0x08007e48
 *(.bss)
 .bss           0x2000005c       0x1c /opt/st/stm32cubeclt_1.19.0/GNU-tools-for-STM32/bin/../lib/gcc/arm-none-eabi/13.3.1/thumb/v7e-m+fp/hard/crtbegin.o
 *(.bss*)
 .bss.uwTick    0x20000078        0x4 cmake/stm32cubemx/CMakeFiles/STM32_Drivers.dir/__/__/Drivers/STM32F3xx_HAL_Driver/Src/stm32f3xx_hal.c.obj
                0x20000078                uwTick
 .bss.hrtc      0x2000007c       0x20 CMakeFiles/furkan_cmake.dir/Core/Src/main.c.obj
                0x2000007c                hrtc
 .bss.huart1    0x2000009c       0x88 CMakeFiles/furkan_cmake.dir/Core/Src/main.c.obj
                0x2000009c                huart1
 .bss.huart2    0x20000124       0x88 CMakeFiles/furkan_cmake.dir/Core/Src/main.c.obj
                0x20000124                huart2
 .bss.huart3    0x200001ac       0x88 CMakeFiles/furkan_cmake.dir/Core/Src/main.c.obj
                0x200001ac                huart3
 .bss.hdma_usart1_rx
                0x20000234       0x44 CMakeFiles/furkan_cmake.dir/Core/Src/main.c.obj
                0x20000234                hdma_usart1_rx
 .bss.hdma_usart1_tx
                0x20000278       0x44 CMakeFiles/furkan_cmake.dir/Core/Src/main.c.obj
                0x20000278                hdma_usart1_tx
 .bss.hpcd_USB_FS
                0x200002bc      0x2d4 CMakeFiles/furkan_cmake.dir/Core/Src/main.c.obj
                0x200002bc                hpcd_USB_FS
 .bss.__malloc_free_list
                0x20000590        0x4 /opt/st/stm32cubeclt_1.19.0/GNU-tools-for-STM32/bin/../lib/gcc/arm-none-eabi/13.3.1/../../../../arm-none-eabi/lib/thumb/v7e-m+fp/hard/libg_nano.a(libc_a-mallocr.o)
                0x20000590                __malloc_free_list
 .bss.__sf      0x20000594      0x138 /opt/st/stm32cubeclt_1.19.0/GNU-tools-for-STM32/bin/../lib/gcc/arm-none-eabi/13.3.1/../../../../arm-none-eabi/lib/thumb/v7e-m+fp/hard/libg_nano.a(libc_a-findfp.o)
                0x20000594                __sf
 .bss.__lock___malloc_recursive_mutex
                0x200006cc        0x1 /opt/st/stm32cubeclt_1.19.0/GNU-tools-for-STM32/bin/../lib/gcc/arm-none-eabi/13.3.1/../../../../arm-none-eabi/lib/thumb/v7e-m+fp/hard/libg_nano.a(libc_a-lock.o)
                0x200006cc                __lock___malloc_recursive_mutex
 *(COMMON)
                0x200006d0                        . = ALIGN (0x4)
 *fill*         0x200006cd        0x3 
                0x200006d0                        _ebss = .
                0x200006d0                        __bss_end__ = _ebss
                [!provide]                        PROVIDE (__bss_end = .)
                [!provide]                        PROVIDE (__non_tls_bss_start = ADDR (.bss))
                [!provide]                        PROVIDE (__bss_start = __tbss_start)
                [!provide]                        PROVIDE (__bss_size = (__bss_end - __bss_start))

._user_heap_stack
                0x200006d0      0x600 load address 0x08007e48
                0x200006d0                        . = ALIGN (0x8)
                [!provide]                        PROVIDE (end = .)
                0x200006d0                        PROVIDE (_end = .)
                0x200008d0                        . = (. + _Min_Heap_Size)
 *fill*         0x200006d0      0x200 
                0x20000cd0                        . = (. + _Min_Stack_Size)
 *fill*         0x200008d0      0x400 
                0x20000cd0                        . = ALIGN (0x8)

/DISCARD/
 libc.a:*(*)
 libm.a:*(*)
 libgcc.a:*(*)
OUTPUT(furkan_cmake.elf elf32-littlearm)
LOAD linker stubs

.ARM.attributes
                0x00000000       0x30
 .ARM.attributes
                0x00000000       0x22 /opt/st/stm32cubeclt_1.19.0/GNU-tools-for-STM32/bin/../lib/gcc/arm-none-eabi/13.3.1/thumb/v7e-m+fp/hard/crti.o
 .ARM.attributes
                0x00000022       0x34 /opt/st/stm32cubeclt_1.19.0/GNU-tools-for-STM32/bin/../lib/gcc/arm-none-eabi/13.3.1/thumb/v7e-m+fp/hard/crtbegin.o
 .ARM.attributes
                0x00000056       0x34 cmake/stm32cubemx/CMakeFiles/STM32_Drivers.dir/__/__/Core/Src/system_stm32f3xx.c.obj
 .ARM.attributes
                0x0000008a       0x34 cmake/stm32cubemx/CMakeFiles/STM32_Drivers.dir/__/__/Drivers/STM32F3xx_HAL_Driver/Src/stm32f3xx_ll_usb.c.obj
 .ARM.attributes
                0x000000be       0x34 cmake/stm32cubemx/CMakeFiles/STM32_Drivers.dir/__/__/Drivers/STM32F3xx_HAL_Driver/Src/stm32f3xx_hal_rtc.c.obj
 .ARM.attributes
                0x000000f2       0x34 cmake/stm32cubemx/CMakeFiles/STM32_Drivers.dir/__/__/Drivers/STM32F3xx_HAL_Driver/Src/stm32f3xx_hal.c.obj
 .ARM.attributes
                0x00000126       0x34 cmake/stm32cubemx/CMakeFiles/STM32_Drivers.dir/__/__/Drivers/STM32F3xx_HAL_Driver/Src/stm32f3xx_hal_rcc.c.obj
 .ARM.attributes
                0x0000015a       0x34 cmake/stm32cubemx/CMakeFiles/STM32_Drivers.dir/__/__/Drivers/STM32F3xx_HAL_Driver/Src/stm32f3xx_hal_rcc_ex.c.obj
 .ARM.attributes
                0x0000018e       0x34 cmake/stm32cubemx/CMakeFiles/STM32_Drivers.dir/__/__/Drivers/STM32F3xx_HAL_Driver/Src/stm32f3xx_hal_gpio.c.obj
 .ARM.attributes
                0x000001c2       0x34 cmake/stm32cubemx/CMakeFiles/STM32_Drivers.dir/__/__/Drivers/STM32F3xx_HAL_Driver/Src/stm32f3xx_hal_dma.c.obj
 .ARM.attributes
                0x000001f6       0x34 cmake/stm32cubemx/CMakeFiles/STM32_Drivers.dir/__/__/Drivers/STM32F3xx_HAL_Driver/Src/stm32f3xx_hal_cortex.c.obj
 .ARM.attributes
                0x0000022a       0x34 cmake/stm32cubemx/CMakeFiles/STM32_Drivers.dir/__/__/Drivers/STM32F3xx_HAL_Driver/Src/stm32f3xx_hal_uart.c.obj
 .ARM.attributes
                0x0000025e       0x34 cmake/stm32cubemx/CMakeFiles/STM32_Drivers.dir/__/__/Drivers/STM32F3xx_HAL_Driver/Src/stm32f3xx_hal_uart_ex.c.obj
 .ARM.attributes
                0x00000292       0x34 cmake/stm32cubemx/CMakeFiles/STM32_Drivers.dir/__/__/Drivers/STM32F3xx_HAL_Driver/Src/stm32f3xx_hal_pcd.c.obj
 .ARM.attributes
                0x000002c6       0x34 CMakeFiles/furkan_cmake.dir/Core/Src/main.c.obj
 .ARM.attributes
                0x000002fa       0x34 CMakeFiles/furkan_cmake.dir/Core/Src/stm32f3xx_it.c.obj
 .ARM.attributes
                0x0000032e       0x34 CMakeFiles/furkan_cmake.dir/Core/Src/stm32f3xx_hal_msp.c.obj
 .ARM.attributes
                0x00000362       0x21 CMakeFiles/furkan_cmake.dir/startup_stm32f303xe.s.obj
 .ARM.attributes
                0x00000383       0x34 CMakeFiles/furkan_cmake.dir/Core/App/main.cpp.obj
 .ARM.attributes
                0x000003b7       0x34 CMakeFiles/furkan_cmake.dir/Core/App/hal/stm32/ArchUart.cpp.obj
 .ARM.attributes
                0x000003eb       0x34 /opt/st/stm32cubeclt_1.19.0/GNU-tools-for-STM32/bin/../lib/gcc/arm-none-eabi/13.3.1/../../../../arm-none-eabi/lib/thumb/v7e-m+fp/hard/libstdc++_nano.a(del_ops.o)
 .ARM.attributes
                0x0000041f       0x34 /opt/st/stm32cubeclt_1.19.0/GNU-tools-for-STM32/bin/../lib/gcc/arm-none-eabi/13.3.1/../../../../arm-none-eabi/lib/thumb/v7e-m+fp/hard/libstdc++_nano.a(del_op.o)
 .ARM.attributes
                0x00000453       0x34 /opt/st/stm32cubeclt_1.19.0/GNU-tools-for-STM32/bin/../lib/gcc/arm-none-eabi/13.3.1/../../../../arm-none-eabi/lib/thumb/v7e-m+fp/hard/libg_nano.a(libc_a-malloc.o)
 .ARM.attributes
                0x00000487       0x34 /opt/st/stm32cubeclt_1.19.0/GNU-tools-for-STM32/bin/../lib/gcc/arm-none-eabi/13.3.1/../../../../arm-none-eabi/lib/thumb/v7e-m+fp/hard/libg_nano.a(libc_a-mallocr.o)
 .ARM.attributes
                0x000004bb       0x34 /opt/st/stm32cubeclt_1.19.0/GNU-tools-for-STM32/bin/../lib/gcc/arm-none-eabi/13.3.1/../../../../arm-none-eabi/lib/thumb/v7e-m+fp/hard/libg_nano.a(libc_a-mlock.o)
 .ARM.attributes
                0x000004ef       0x34 /opt/st/stm32cubeclt_1.19.0/GNU-tools-for-STM32/bin/../lib/gcc/arm-none-eabi/13.3.1/../../../../arm-none-eabi/lib/thumb/v7e-m+fp/hard/libg_nano.a(libc_a-findfp.o)
 .ARM.attributes
                0x00000523       0x34 /opt/st/stm32cubeclt_1.19.0/GNU-tools-for-STM32/bin/../lib/gcc/arm-none-eabi/13.3.1/../../../../arm-none-eabi/lib/thumb/v7e-m+fp/hard/libg_nano.a(libc_a-memset.o)
 .ARM.attributes
                0x00000557       0x34 /opt/st/stm32cubeclt_1.19.0/GNU-tools-for-STM32/bin/../lib/gcc/arm-none-eabi/13.3.1/../../../../arm-none-eabi/lib/thumb/v7e-m+fp/hard/libg_nano.a(libc_a-impure.o)
 .ARM.attributes
                0x0000058b       0x34 /opt/st/stm32cubeclt_1.19.0/GNU-tools-for-STM32/bin/../lib/gcc/arm-none-eabi/13.3.1/../../../../arm-none-eabi/lib/thumb/v7e-m+fp/hard/libg_nano.a(libc_a-init.o)
 .ARM.attributes
                0x000005bf       0x34 /opt/st/stm32cubeclt_1.19.0/GNU-tools-for-STM32/bin/../lib/gcc/arm-none-eabi/13.3.1/../../../../arm-none-eabi/lib/thumb/v7e-m+fp/hard/libg_nano.a(libc_a-lock.o)
 .ARM.attributes
                0x000005f3       0x34 /opt/st/stm32cubeclt_1.19.0/GNU-tools-for-STM32/bin/../lib/gcc/arm-none-eabi/13.3.1/../../../../arm-none-eabi/lib/thumb/v7e-m+fp/hard/libg_nano.a(libc_a-memcpy-stub.o)
 .ARM.attributes
                0x00000627       0x34 /opt/st/stm32cubeclt_1.19.0/GNU-tools-for-STM32/bin/../lib/gcc/arm-none-eabi/13.3.1/../../../../arm-none-eabi/lib/thumb/v7e-m+fp/hard/libg_nano.a(libc_a-freer.o)
 .ARM.attributes
                0x0000065b       0x22 /opt/st/stm32cubeclt_1.19.0/GNU-tools-for-STM32/bin/../lib/gcc/arm-none-eabi/13.3.1/thumb/v7e-m+fp/hard/crtn.o

.comment        0x00000000       0x43
 .comment       0x00000000       0x43 cmake/stm32cubemx/CMakeFiles/STM32_Drivers.dir/__/__/Core/Src/system_stm32f3xx.c.obj
                                 0x44 (size before relaxing)
 .comment       0x00000043       0x44 cmake/stm32cubemx/CMakeFiles/STM32_Drivers.dir/__/__/Drivers/STM32F3xx_HAL_Driver/Src/stm32f3xx_ll_usb.c.obj
 .comment       0x00000043       0x44 cmake/stm32cubemx/CMakeFiles/STM32_Drivers.dir/__/__/Drivers/STM32F3xx_HAL_Driver/Src/stm32f3xx_hal_rtc.c.obj
 .comment       0x00000043       0x44 cmake/stm32cubemx/CMakeFiles/STM32_Drivers.dir/__/__/Drivers/STM32F3xx_HAL_Driver/Src/stm32f3xx_hal.c.obj
 .comment       0x00000043       0x44 cmake/stm32cubemx/CMakeFiles/STM32_Drivers.dir/__/__/Drivers/STM32F3xx_HAL_Driver/Src/stm32f3xx_hal_rcc.c.obj
 .comment       0x00000043       0x44 cmake/stm32cubemx/CMakeFiles/STM32_Drivers.dir/__/__/Drivers/STM32F3xx_HAL_Driver/Src/stm32f3xx_hal_rcc_ex.c.obj
 .comment       0x00000043       0x44 cmake/stm32cubemx/CMakeFiles/STM32_Drivers.dir/__/__/Drivers/STM32F3xx_HAL_Driver/Src/stm32f3xx_hal_gpio.c.obj
 .comment       0x00000043       0x44 cmake/stm32cubemx/CMakeFiles/STM32_Drivers.dir/__/__/Drivers/STM32F3xx_HAL_Driver/Src/stm32f3xx_hal_dma.c.obj
 .comment       0x00000043       0x44 cmake/stm32cubemx/CMakeFiles/STM32_Drivers.dir/__/__/Drivers/STM32F3xx_HAL_Driver/Src/stm32f3xx_hal_cortex.c.obj
 .comment       0x00000043       0x44 cmake/stm32cubemx/CMakeFiles/STM32_Drivers.dir/__/__/Drivers/STM32F3xx_HAL_Driver/Src/stm32f3xx_hal_uart.c.obj
 .comment       0x00000043       0x44 cmake/stm32cubemx/CMakeFiles/STM32_Drivers.dir/__/__/Drivers/STM32F3xx_HAL_Driver/Src/stm32f3xx_hal_uart_ex.c.obj
 .comment       0x00000043       0x44 cmake/stm32cubemx/CMakeFiles/STM32_Drivers.dir/__/__/Drivers/STM32F3xx_HAL_Driver/Src/stm32f3xx_hal_pcd.c.obj
 .comment       0x00000043       0x44 CMakeFiles/furkan_cmake.dir/Core/Src/main.c.obj
 .comment       0x00000043       0x44 CMakeFiles/furkan_cmake.dir/Core/Src/stm32f3xx_it.c.obj
 .comment       0x00000043       0x44 CMakeFiles/furkan_cmake.dir/Core/Src/stm32f3xx_hal_msp.c.obj
 .comment       0x00000043       0x44 CMakeFiles/furkan_cmake.dir/Core/App/main.cpp.obj
 .comment       0x00000043       0x44 CMakeFiles/furkan_cmake.dir/Core/App/hal/stm32/ArchUart.cpp.obj
 .comment       0x00000043       0x44 /opt/st/stm32cubeclt_1.19.0/GNU-tools-for-STM32/bin/../lib/gcc/arm-none-eabi/13.3.1/../../../../arm-none-eabi/lib/thumb/v7e-m+fp/hard/libg_nano.a(libc_a-malloc.o)
 .comment       0x00000043       0x44 /opt/st/stm32cubeclt_1.19.0/GNU-tools-for-STM32/bin/../lib/gcc/arm-none-eabi/13.3.1/../../../../arm-none-eabi/lib/thumb/v7e-m+fp/hard/libg_nano.a(libc_a-mallocr.o)
 .comment       0x00000043       0x44 /opt/st/stm32cubeclt_1.19.0/GNU-tools-for-STM32/bin/../lib/gcc/arm-none-eabi/13.3.1/../../../../arm-none-eabi/lib/thumb/v7e-m+fp/hard/libg_nano.a(libc_a-mlock.o)
 .comment       0x00000043       0x44 /opt/st/stm32cubeclt_1.19.0/GNU-tools-for-STM32/bin/../lib/gcc/arm-none-eabi/13.3.1/../../../../arm-none-eabi/lib/thumb/v7e-m+fp/hard/libg_nano.a(libc_a-findfp.o)
 .comment       0x00000043       0x44 /opt/st/stm32cubeclt_1.19.0/GNU-tools-for-STM32/bin/../lib/gcc/arm-none-eabi/13.3.1/../../../../arm-none-eabi/lib/thumb/v7e-m+fp/hard/libg_nano.a(libc_a-memset.o)
 .comment       0x00000043       0x44 /opt/st/stm32cubeclt_1.19.0/GNU-tools-for-STM32/bin/../lib/gcc/arm-none-eabi/13.3.1/../../../../arm-none-eabi/lib/thumb/v7e-m+fp/hard/libg_nano.a(libc_a-impure.o)
 .comment       0x00000043       0x44 /opt/st/stm32cubeclt_1.19.0/GNU-tools-for-STM32/bin/../lib/gcc/arm-none-eabi/13.3.1/../../../../arm-none-eabi/lib/thumb/v7e-m+fp/hard/libg_nano.a(libc_a-init.o)
 .comment       0x00000043       0x44 /opt/st/stm32cubeclt_1.19.0/GNU-tools-for-STM32/bin/../lib/gcc/arm-none-eabi/13.3.1/../../../../arm-none-eabi/lib/thumb/v7e-m+fp/hard/libg_nano.a(libc_a-lock.o)
 .comment       0x00000043       0x44 /opt/st/stm32cubeclt_1.19.0/GNU-tools-for-STM32/bin/../lib/gcc/arm-none-eabi/13.3.1/../../../../arm-none-eabi/lib/thumb/v7e-m+fp/hard/libg_nano.a(libc_a-memcpy-stub.o)
 .comment       0x00000043       0x44 /opt/st/stm32cubeclt_1.19.0/GNU-tools-for-STM32/bin/../lib/gcc/arm-none-eabi/13.3.1/../../../../arm-none-eabi/lib/thumb/v7e-m+fp/hard/libg_nano.a(libc_a-freer.o)

.debug_info     0x00000000    0x17751
 .debug_info    0x00000000      0x407 cmake/stm32cubemx/CMakeFiles/STM32_Drivers.dir/__/__/Core/Src/system_stm32f3xx.c.obj
 .debug_info    0x00000407     0x1653 cmake/stm32cubemx/CMakeFiles/STM32_Drivers.dir/__/__/Drivers/STM32F3xx_HAL_Driver/Src/stm32f3xx_ll_usb.c.obj
 .debug_info    0x00001a5a      0xc56 cmake/stm32cubemx/CMakeFiles/STM32_Drivers.dir/__/__/Drivers/STM32F3xx_HAL_Driver/Src/stm32f3xx_hal_rtc.c.obj
 .debug_info    0x000026b0      0x804 cmake/stm32cubemx/CMakeFiles/STM32_Drivers.dir/__/__/Drivers/STM32F3xx_HAL_Driver/Src/stm32f3xx_hal.c.obj
 .debug_info    0x00002eb4     0x149a cmake/stm32cubemx/CMakeFiles/STM32_Drivers.dir/__/__/Drivers/STM32F3xx_HAL_Driver/Src/stm32f3xx_hal_rcc.c.obj
 .debug_info    0x0000434e      0x61b cmake/stm32cubemx/CMakeFiles/STM32_Drivers.dir/__/__/Drivers/STM32F3xx_HAL_Driver/Src/stm32f3xx_hal_rcc_ex.c.obj
 .debug_info    0x00004969      0x6a6 cmake/stm32cubemx/CMakeFiles/STM32_Drivers.dir/__/__/Drivers/STM32F3xx_HAL_Driver/Src/stm32f3xx_hal_gpio.c.obj
 .debug_info    0x0000500f      0x6e1 cmake/stm32cubemx/CMakeFiles/STM32_Drivers.dir/__/__/Drivers/STM32F3xx_HAL_Driver/Src/stm32f3xx_hal_dma.c.obj
 .debug_info    0x000056f0      0xd14 cmake/stm32cubemx/CMakeFiles/STM32_Drivers.dir/__/__/Drivers/STM32F3xx_HAL_Driver/Src/stm32f3xx_hal_cortex.c.obj
 .debug_info    0x00006404     0x39a8 cmake/stm32cubemx/CMakeFiles/STM32_Drivers.dir/__/__/Drivers/STM32F3xx_HAL_Driver/Src/stm32f3xx_hal_uart.c.obj
 .debug_info    0x00009dac      0xc9c cmake/stm32cubemx/CMakeFiles/STM32_Drivers.dir/__/__/Drivers/STM32F3xx_HAL_Driver/Src/stm32f3xx_hal_uart_ex.c.obj
 .debug_info    0x0000aa48     0x1687 cmake/stm32cubemx/CMakeFiles/STM32_Drivers.dir/__/__/Drivers/STM32F3xx_HAL_Driver/Src/stm32f3xx_hal_pcd.c.obj
 .debug_info    0x0000c0cf     0x17e9 CMakeFiles/furkan_cmake.dir/Core/Src/main.c.obj
 .debug_info    0x0000d8b8      0xbbc CMakeFiles/furkan_cmake.dir/Core/Src/stm32f3xx_it.c.obj
 .debug_info    0x0000e474     0x149f CMakeFiles/furkan_cmake.dir/Core/Src/stm32f3xx_hal_msp.c.obj
 .debug_info    0x0000f913       0x30 CMakeFiles/furkan_cmake.dir/startup_stm32f303xe.s.obj
 .debug_info    0x0000f943     0x289e CMakeFiles/furkan_cmake.dir/Core/App/main.cpp.obj
 .debug_info    0x000121e1     0x186a CMakeFiles/furkan_cmake.dir/Core/App/hal/stm32/ArchUart.cpp.obj
 .debug_info    0x00013a4b      0x7a0 /opt/st/stm32cubeclt_1.19.0/GNU-tools-for-STM32/bin/../lib/gcc/arm-none-eabi/13.3.1/../../../../arm-none-eabi/lib/thumb/v7e-m+fp/hard/libg_nano.a(libc_a-malloc.o)
 .debug_info    0x000141eb      0x9bc /opt/st/stm32cubeclt_1.19.0/GNU-tools-for-STM32/bin/../lib/gcc/arm-none-eabi/13.3.1/../../../../arm-none-eabi/lib/thumb/v7e-m+fp/hard/libg_nano.a(libc_a-mallocr.o)
 .debug_info    0x00014ba7      0x76b /opt/st/stm32cubeclt_1.19.0/GNU-tools-for-STM32/bin/../lib/gcc/arm-none-eabi/13.3.1/../../../../arm-none-eabi/lib/thumb/v7e-m+fp/hard/libg_nano.a(libc_a-mlock.o)
 .debug_info    0x00015312      0xfb5 /opt/st/stm32cubeclt_1.19.0/GNU-tools-for-STM32/bin/../lib/gcc/arm-none-eabi/13.3.1/../../../../arm-none-eabi/lib/thumb/v7e-m+fp/hard/libg_nano.a(libc_a-findfp.o)
 .debug_info    0x000162c7       0xe0 /opt/st/stm32cubeclt_1.19.0/GNU-tools-for-STM32/bin/../lib/gcc/arm-none-eabi/13.3.1/../../../../arm-none-eabi/lib/thumb/v7e-m+fp/hard/libg_nano.a(libc_a-memset.o)
 .debug_info    0x000163a7      0x715 /opt/st/stm32cubeclt_1.19.0/GNU-tools-for-STM32/bin/../lib/gcc/arm-none-eabi/13.3.1/../../../../arm-none-eabi/lib/thumb/v7e-m+fp/hard/libg_nano.a(libc_a-impure.o)
 .debug_info    0x00016abc      0x10b /opt/st/stm32cubeclt_1.19.0/GNU-tools-for-STM32/bin/../lib/gcc/arm-none-eabi/13.3.1/../../../../arm-none-eabi/lib/thumb/v7e-m+fp/hard/libg_nano.a(libc_a-init.o)
 .debug_info    0x00016bc7      0x218 /opt/st/stm32cubeclt_1.19.0/GNU-tools-for-STM32/bin/../lib/gcc/arm-none-eabi/13.3.1/../../../../arm-none-eabi/lib/thumb/v7e-m+fp/hard/libg_nano.a(libc_a-lock.o)
 .debug_info    0x00016ddf      0x121 /opt/st/stm32cubeclt_1.19.0/GNU-tools-for-STM32/bin/../lib/gcc/arm-none-eabi/13.3.1/../../../../arm-none-eabi/lib/thumb/v7e-m+fp/hard/libg_nano.a(libc_a-memcpy-stub.o)
 .debug_info    0x00016f00      0x851 /opt/st/stm32cubeclt_1.19.0/GNU-tools-for-STM32/bin/../lib/gcc/arm-none-eabi/13.3.1/../../../../arm-none-eabi/lib/thumb/v7e-m+fp/hard/libg_nano.a(libc_a-freer.o)

.debug_abbrev   0x00000000     0x3fb4
 .debug_abbrev  0x00000000      0x11a cmake/stm32cubemx/CMakeFiles/STM32_Drivers.dir/__/__/Core/Src/system_stm32f3xx.c.obj
 .debug_abbrev  0x0000011a      0x247 cmake/stm32cubemx/CMakeFiles/STM32_Drivers.dir/__/__/Drivers/STM32F3xx_HAL_Driver/Src/stm32f3xx_ll_usb.c.obj
 .debug_abbrev  0x00000361      0x1dc cmake/stm32cubemx/CMakeFiles/STM32_Drivers.dir/__/__/Drivers/STM32F3xx_HAL_Driver/Src/stm32f3xx_hal_rtc.c.obj
 .debug_abbrev  0x0000053d      0x215 cmake/stm32cubemx/CMakeFiles/STM32_Drivers.dir/__/__/Drivers/STM32F3xx_HAL_Driver/Src/stm32f3xx_hal.c.obj
 .debug_abbrev  0x00000752      0x300 cmake/stm32cubemx/CMakeFiles/STM32_Drivers.dir/__/__/Drivers/STM32F3xx_HAL_Driver/Src/stm32f3xx_hal_rcc.c.obj
 .debug_abbrev  0x00000a52      0x221 cmake/stm32cubemx/CMakeFiles/STM32_Drivers.dir/__/__/Drivers/STM32F3xx_HAL_Driver/Src/stm32f3xx_hal_rcc_ex.c.obj
 .debug_abbrev  0x00000c73      0x1ca cmake/stm32cubemx/CMakeFiles/STM32_Drivers.dir/__/__/Drivers/STM32F3xx_HAL_Driver/Src/stm32f3xx_hal_gpio.c.obj
 .debug_abbrev  0x00000e3d      0x20d cmake/stm32cubemx/CMakeFiles/STM32_Drivers.dir/__/__/Drivers/STM32F3xx_HAL_Driver/Src/stm32f3xx_hal_dma.c.obj
 .debug_abbrev  0x0000104a      0x31e cmake/stm32cubemx/CMakeFiles/STM32_Drivers.dir/__/__/Drivers/STM32F3xx_HAL_Driver/Src/stm32f3xx_hal_cortex.c.obj
 .debug_abbrev  0x00001368      0x2d1 cmake/stm32cubemx/CMakeFiles/STM32_Drivers.dir/__/__/Drivers/STM32F3xx_HAL_Driver/Src/stm32f3xx_hal_uart.c.obj
 .debug_abbrev  0x00001639      0x2bf cmake/stm32cubemx/CMakeFiles/STM32_Drivers.dir/__/__/Drivers/STM32F3xx_HAL_Driver/Src/stm32f3xx_hal_uart_ex.c.obj
 .debug_abbrev  0x000018f8      0x2d9 cmake/stm32cubemx/CMakeFiles/STM32_Drivers.dir/__/__/Drivers/STM32F3xx_HAL_Driver/Src/stm32f3xx_hal_pcd.c.obj
 .debug_abbrev  0x00001bd1      0x2ad CMakeFiles/furkan_cmake.dir/Core/Src/main.c.obj
 .debug_abbrev  0x00001e7e      0x1b9 CMakeFiles/furkan_cmake.dir/Core/Src/stm32f3xx_it.c.obj
 .debug_abbrev  0x00002037      0x2aa CMakeFiles/furkan_cmake.dir/Core/Src/stm32f3xx_hal_msp.c.obj
 .debug_abbrev  0x000022e1       0x24 CMakeFiles/furkan_cmake.dir/startup_stm32f303xe.s.obj
 .debug_abbrev  0x00002305      0x6c2 CMakeFiles/furkan_cmake.dir/Core/App/main.cpp.obj
 .debug_abbrev  0x000029c7      0x535 CMakeFiles/furkan_cmake.dir/Core/App/hal/stm32/ArchUart.cpp.obj
 .debug_abbrev  0x00002efc      0x1cf /opt/st/stm32cubeclt_1.19.0/GNU-tools-for-STM32/bin/../lib/gcc/arm-none-eabi/13.3.1/../../../../arm-none-eabi/lib/thumb/v7e-m+fp/hard/libg_nano.a(libc_a-malloc.o)
 .debug_abbrev  0x000030cb      0x24a /opt/st/stm32cubeclt_1.19.0/GNU-tools-for-STM32/bin/../lib/gcc/arm-none-eabi/13.3.1/../../../../arm-none-eabi/lib/thumb/v7e-m+fp/hard/libg_nano.a(libc_a-mallocr.o)
 .debug_abbrev  0x00003315      0x1bf /opt/st/stm32cubeclt_1.19.0/GNU-tools-for-STM32/bin/../lib/gcc/arm-none-eabi/13.3.1/../../../../arm-none-eabi/lib/thumb/v7e-m+fp/hard/libg_nano.a(libc_a-mlock.o)
 .debug_abbrev  0x000034d4      0x424 /opt/st/stm32cubeclt_1.19.0/GNU-tools-for-STM32/bin/../lib/gcc/arm-none-eabi/13.3.1/../../../../arm-none-eabi/lib/thumb/v7e-m+fp/hard/libg_nano.a(libc_a-findfp.o)
 .debug_abbrev  0x000038f8       0x9e /opt/st/stm32cubeclt_1.19.0/GNU-tools-for-STM32/bin/../lib/gcc/arm-none-eabi/13.3.1/../../../../arm-none-eabi/lib/thumb/v7e-m+fp/hard/libg_nano.a(libc_a-memset.o)
 .debug_abbrev  0x00003996      0x149 /opt/st/stm32cubeclt_1.19.0/GNU-tools-for-STM32/bin/../lib/gcc/arm-none-eabi/13.3.1/../../../../arm-none-eabi/lib/thumb/v7e-m+fp/hard/libg_nano.a(libc_a-impure.o)
 .debug_abbrev  0x00003adf       0xc9 /opt/st/stm32cubeclt_1.19.0/GNU-tools-for-STM32/bin/../lib/gcc/arm-none-eabi/13.3.1/../../../../arm-none-eabi/lib/thumb/v7e-m+fp/hard/libg_nano.a(libc_a-init.o)
 .debug_abbrev  0x00003ba8      0x115 /opt/st/stm32cubeclt_1.19.0/GNU-tools-for-STM32/bin/../lib/gcc/arm-none-eabi/13.3.1/../../../../arm-none-eabi/lib/thumb/v7e-m+fp/hard/libg_nano.a(libc_a-lock.o)
 .debug_abbrev  0x00003cbd       0xc1 /opt/st/stm32cubeclt_1.19.0/GNU-tools-for-STM32/bin/../lib/gcc/arm-none-eabi/13.3.1/../../../../arm-none-eabi/lib/thumb/v7e-m+fp/hard/libg_nano.a(libc_a-memcpy-stub.o)
 .debug_abbrev  0x00003d7e      0x236 /opt/st/stm32cubeclt_1.19.0/GNU-tools-for-STM32/bin/../lib/gcc/arm-none-eabi/13.3.1/../../../../arm-none-eabi/lib/thumb/v7e-m+fp/hard/libg_nano.a(libc_a-freer.o)

.debug_aranges  0x00000000      0xe40
 .debug_aranges
                0x00000000       0x28 cmake/stm32cubemx/CMakeFiles/STM32_Drivers.dir/__/__/Core/Src/system_stm32f3xx.c.obj
 .debug_aranges
                0x00000028       0xc8 cmake/stm32cubemx/CMakeFiles/STM32_Drivers.dir/__/__/Drivers/STM32F3xx_HAL_Driver/Src/stm32f3xx_ll_usb.c.obj
 .debug_aranges
                0x000000f0       0xe8 cmake/stm32cubemx/CMakeFiles/STM32_Drivers.dir/__/__/Drivers/STM32F3xx_HAL_Driver/Src/stm32f3xx_hal_rtc.c.obj
 .debug_aranges
                0x000001d8       0xe0 cmake/stm32cubemx/CMakeFiles/STM32_Drivers.dir/__/__/Drivers/STM32F3xx_HAL_Driver/Src/stm32f3xx_hal.c.obj
 .debug_aranges
                0x000002b8       0x88 cmake/stm32cubemx/CMakeFiles/STM32_Drivers.dir/__/__/Drivers/STM32F3xx_HAL_Driver/Src/stm32f3xx_hal_rcc.c.obj
 .debug_aranges
                0x00000340       0x38 cmake/stm32cubemx/CMakeFiles/STM32_Drivers.dir/__/__/Drivers/STM32F3xx_HAL_Driver/Src/stm32f3xx_hal_rcc_ex.c.obj
 .debug_aranges
                0x00000378       0x58 cmake/stm32cubemx/CMakeFiles/STM32_Drivers.dir/__/__/Drivers/STM32F3xx_HAL_Driver/Src/stm32f3xx_hal_gpio.c.obj
 .debug_aranges
                0x000003d0       0x88 cmake/stm32cubemx/CMakeFiles/STM32_Drivers.dir/__/__/Drivers/STM32F3xx_HAL_Driver/Src/stm32f3xx_hal_dma.c.obj
 .debug_aranges
                0x00000458      0x128 cmake/stm32cubemx/CMakeFiles/STM32_Drivers.dir/__/__/Drivers/STM32F3xx_HAL_Driver/Src/stm32f3xx_hal_cortex.c.obj
 .debug_aranges
                0x00000580      0x228 cmake/stm32cubemx/CMakeFiles/STM32_Drivers.dir/__/__/Drivers/STM32F3xx_HAL_Driver/Src/stm32f3xx_hal_uart.c.obj
 .debug_aranges
                0x000007a8       0x70 cmake/stm32cubemx/CMakeFiles/STM32_Drivers.dir/__/__/Drivers/STM32F3xx_HAL_Driver/Src/stm32f3xx_hal_uart_ex.c.obj
 .debug_aranges
                0x00000818      0x140 cmake/stm32cubemx/CMakeFiles/STM32_Drivers.dir/__/__/Drivers/STM32F3xx_HAL_Driver/Src/stm32f3xx_hal_pcd.c.obj
 .debug_aranges
                0x00000958       0x68 CMakeFiles/furkan_cmake.dir/Core/Src/main.c.obj
 .debug_aranges
                0x000009c0       0x80 CMakeFiles/furkan_cmake.dir/Core/Src/stm32f3xx_it.c.obj
 .debug_aranges
                0x00000a40       0x50 CMakeFiles/furkan_cmake.dir/Core/Src/stm32f3xx_hal_msp.c.obj
 .debug_aranges
                0x00000a90       0x28 CMakeFiles/furkan_cmake.dir/startup_stm32f303xe.s.obj
 .debug_aranges
                0x00000ab8       0xf8 CMakeFiles/furkan_cmake.dir/Core/App/main.cpp.obj
 .debug_aranges
                0x00000bb0       0xa0 CMakeFiles/furkan_cmake.dir/Core/App/hal/stm32/ArchUart.cpp.obj
 .debug_aranges
                0x00000c50       0x28 /opt/st/stm32cubeclt_1.19.0/GNU-tools-for-STM32/bin/../lib/gcc/arm-none-eabi/13.3.1/../../../../arm-none-eabi/lib/thumb/v7e-m+fp/hard/libg_nano.a(libc_a-malloc.o)
 .debug_aranges
                0x00000c78       0x28 /opt/st/stm32cubeclt_1.19.0/GNU-tools-for-STM32/bin/../lib/gcc/arm-none-eabi/13.3.1/../../../../arm-none-eabi/lib/thumb/v7e-m+fp/hard/libg_nano.a(libc_a-mallocr.o)
 .debug_aranges
                0x00000ca0       0x28 /opt/st/stm32cubeclt_1.19.0/GNU-tools-for-STM32/bin/../lib/gcc/arm-none-eabi/13.3.1/../../../../arm-none-eabi/lib/thumb/v7e-m+fp/hard/libg_nano.a(libc_a-mlock.o)
 .debug_aranges
                0x00000cc8       0x78 /opt/st/stm32cubeclt_1.19.0/GNU-tools-for-STM32/bin/../lib/gcc/arm-none-eabi/13.3.1/../../../../arm-none-eabi/lib/thumb/v7e-m+fp/hard/libg_nano.a(libc_a-findfp.o)
 .debug_aranges
                0x00000d40       0x20 /opt/st/stm32cubeclt_1.19.0/GNU-tools-for-STM32/bin/../lib/gcc/arm-none-eabi/13.3.1/../../../../arm-none-eabi/lib/thumb/v7e-m+fp/hard/libg_nano.a(libc_a-memset.o)
 .debug_aranges
                0x00000d60       0x18 /opt/st/stm32cubeclt_1.19.0/GNU-tools-for-STM32/bin/../lib/gcc/arm-none-eabi/13.3.1/../../../../arm-none-eabi/lib/thumb/v7e-m+fp/hard/libg_nano.a(libc_a-impure.o)
 .debug_aranges
                0x00000d78       0x20 /opt/st/stm32cubeclt_1.19.0/GNU-tools-for-STM32/bin/../lib/gcc/arm-none-eabi/13.3.1/../../../../arm-none-eabi/lib/thumb/v7e-m+fp/hard/libg_nano.a(libc_a-init.o)
 .debug_aranges
                0x00000d98       0x68 /opt/st/stm32cubeclt_1.19.0/GNU-tools-for-STM32/bin/../lib/gcc/arm-none-eabi/13.3.1/../../../../arm-none-eabi/lib/thumb/v7e-m+fp/hard/libg_nano.a(libc_a-lock.o)
 .debug_aranges
                0x00000e00       0x20 /opt/st/stm32cubeclt_1.19.0/GNU-tools-for-STM32/bin/../lib/gcc/arm-none-eabi/13.3.1/../../../../arm-none-eabi/lib/thumb/v7e-m+fp/hard/libg_nano.a(libc_a-memcpy-stub.o)
 .debug_aranges
                0x00000e20       0x20 /opt/st/stm32cubeclt_1.19.0/GNU-tools-for-STM32/bin/../lib/gcc/arm-none-eabi/13.3.1/../../../../arm-none-eabi/lib/thumb/v7e-m+fp/hard/libg_nano.a(libc_a-freer.o)

.debug_rnglists
                0x00000000      0xacd
 .debug_rnglists
                0x00000000       0x1a cmake/stm32cubemx/CMakeFiles/STM32_Drivers.dir/__/__/Core/Src/system_stm32f3xx.c.obj
 .debug_rnglists
                0x0000001a       0x99 cmake/stm32cubemx/CMakeFiles/STM32_Drivers.dir/__/__/Drivers/STM32F3xx_HAL_Driver/Src/stm32f3xx_ll_usb.c.obj
 .debug_rnglists
                0x000000b3       0xb4 cmake/stm32cubemx/CMakeFiles/STM32_Drivers.dir/__/__/Drivers/STM32F3xx_HAL_Driver/Src/stm32f3xx_hal_rtc.c.obj
 .debug_rnglists
                0x00000167       0xa3 cmake/stm32cubemx/CMakeFiles/STM32_Drivers.dir/__/__/Drivers/STM32F3xx_HAL_Driver/Src/stm32f3xx_hal.c.obj
 .debug_rnglists
                0x0000020a       0x66 cmake/stm32cubemx/CMakeFiles/STM32_Drivers.dir/__/__/Drivers/STM32F3xx_HAL_Driver/Src/stm32f3xx_hal_rcc.c.obj
 .debug_rnglists
                0x00000270       0x29 cmake/stm32cubemx/CMakeFiles/STM32_Drivers.dir/__/__/Drivers/STM32F3xx_HAL_Driver/Src/stm32f3xx_hal_rcc_ex.c.obj
 .debug_rnglists
                0x00000299       0x3f cmake/stm32cubemx/CMakeFiles/STM32_Drivers.dir/__/__/Drivers/STM32F3xx_HAL_Driver/Src/stm32f3xx_hal_gpio.c.obj
 .debug_rnglists
                0x000002d8       0x69 cmake/stm32cubemx/CMakeFiles/STM32_Drivers.dir/__/__/Drivers/STM32F3xx_HAL_Driver/Src/stm32f3xx_hal_dma.c.obj
 .debug_rnglists
                0x00000341       0xda cmake/stm32cubemx/CMakeFiles/STM32_Drivers.dir/__/__/Drivers/STM32F3xx_HAL_Driver/Src/stm32f3xx_hal_cortex.c.obj
 .debug_rnglists
                0x0000041b      0x1da cmake/stm32cubemx/CMakeFiles/STM32_Drivers.dir/__/__/Drivers/STM32F3xx_HAL_Driver/Src/stm32f3xx_hal_uart.c.obj
 .debug_rnglists
                0x000005f5       0x54 cmake/stm32cubemx/CMakeFiles/STM32_Drivers.dir/__/__/Drivers/STM32F3xx_HAL_Driver/Src/stm32f3xx_hal_uart_ex.c.obj
 .debug_rnglists
                0x00000649       0xf4 cmake/stm32cubemx/CMakeFiles/STM32_Drivers.dir/__/__/Drivers/STM32F3xx_HAL_Driver/Src/stm32f3xx_hal_pcd.c.obj
 .debug_rnglists
                0x0000073d       0x4b CMakeFiles/furkan_cmake.dir/Core/Src/main.c.obj
 .debug_rnglists
                0x00000788       0x5b CMakeFiles/furkan_cmake.dir/Core/Src/stm32f3xx_it.c.obj
 .debug_rnglists
                0x000007e3       0x39 CMakeFiles/furkan_cmake.dir/Core/Src/stm32f3xx_hal_msp.c.obj
 .debug_rnglists
                0x0000081c       0x19 CMakeFiles/furkan_cmake.dir/startup_stm32f303xe.s.obj
 .debug_rnglists
                0x00000835       0xb6 CMakeFiles/furkan_cmake.dir/Core/App/main.cpp.obj
 .debug_rnglists
                0x000008eb       0x74 CMakeFiles/furkan_cmake.dir/Core/App/hal/stm32/ArchUart.cpp.obj
 .debug_rnglists
                0x0000095f       0x19 /opt/st/stm32cubeclt_1.19.0/GNU-tools-for-STM32/bin/../lib/gcc/arm-none-eabi/13.3.1/../../../../arm-none-eabi/lib/thumb/v7e-m+fp/hard/libg_nano.a(libc_a-malloc.o)
 .debug_rnglists
                0x00000978       0x2c /opt/st/stm32cubeclt_1.19.0/GNU-tools-for-STM32/bin/../lib/gcc/arm-none-eabi/13.3.1/../../../../arm-none-eabi/lib/thumb/v7e-m+fp/hard/libg_nano.a(libc_a-mallocr.o)
 .debug_rnglists
                0x000009a4       0x19 /opt/st/stm32cubeclt_1.19.0/GNU-tools-for-STM32/bin/../lib/gcc/arm-none-eabi/13.3.1/../../../../arm-none-eabi/lib/thumb/v7e-m+fp/hard/libg_nano.a(libc_a-mlock.o)
 .debug_rnglists
                0x000009bd       0x7a /opt/st/stm32cubeclt_1.19.0/GNU-tools-for-STM32/bin/../lib/gcc/arm-none-eabi/13.3.1/../../../../arm-none-eabi/lib/thumb/v7e-m+fp/hard/libg_nano.a(libc_a-findfp.o)
 .debug_rnglists
                0x00000a37       0x13 /opt/st/stm32cubeclt_1.19.0/GNU-tools-for-STM32/bin/../lib/gcc/arm-none-eabi/13.3.1/../../../../arm-none-eabi/lib/thumb/v7e-m+fp/hard/libg_nano.a(libc_a-memset.o)
 .debug_rnglists
                0x00000a4a       0x13 /opt/st/stm32cubeclt_1.19.0/GNU-tools-for-STM32/bin/../lib/gcc/arm-none-eabi/13.3.1/../../../../arm-none-eabi/lib/thumb/v7e-m+fp/hard/libg_nano.a(libc_a-init.o)
 .debug_rnglists
                0x00000a5d       0x49 /opt/st/stm32cubeclt_1.19.0/GNU-tools-for-STM32/bin/../lib/gcc/arm-none-eabi/13.3.1/../../../../arm-none-eabi/lib/thumb/v7e-m+fp/hard/libg_nano.a(libc_a-lock.o)
 .debug_rnglists
                0x00000aa6       0x13 /opt/st/stm32cubeclt_1.19.0/GNU-tools-for-STM32/bin/../lib/gcc/arm-none-eabi/13.3.1/../../../../arm-none-eabi/lib/thumb/v7e-m+fp/hard/libg_nano.a(libc_a-memcpy-stub.o)
 .debug_rnglists
                0x00000ab9       0x14 /opt/st/stm32cubeclt_1.19.0/GNU-tools-for-STM32/bin/../lib/gcc/arm-none-eabi/13.3.1/../../../../arm-none-eabi/lib/thumb/v7e-m+fp/hard/libg_nano.a(libc_a-freer.o)

.debug_macro    0x00000000    0x248e4
 .debug_macro   0x00000000      0x200 cmake/stm32cubemx/CMakeFiles/STM32_Drivers.dir/__/__/Core/Src/system_stm32f3xx.c.obj
 .debug_macro   0x00000200      0xad8 cmake/stm32cubemx/CMakeFiles/STM32_Drivers.dir/__/__/Core/Src/system_stm32f3xx.c.obj
 .debug_macro   0x00000cd8       0x2e cmake/stm32cubemx/CMakeFiles/STM32_Drivers.dir/__/__/Core/Src/system_stm32f3xx.c.obj
 .debug_macro   0x00000d06       0x28 cmake/stm32cubemx/CMakeFiles/STM32_Drivers.dir/__/__/Core/Src/system_stm32f3xx.c.obj
 .debug_macro   0x00000d2e       0x22 cmake/stm32cubemx/CMakeFiles/STM32_Drivers.dir/__/__/Core/Src/system_stm32f3xx.c.obj
 .debug_macro   0x00000d50       0x8e cmake/stm32cubemx/CMakeFiles/STM32_Drivers.dir/__/__/Core/Src/system_stm32f3xx.c.obj
 .debug_macro   0x00000dde       0x51 cmake/stm32cubemx/CMakeFiles/STM32_Drivers.dir/__/__/Core/Src/system_stm32f3xx.c.obj
 .debug_macro   0x00000e2f      0x103 cmake/stm32cubemx/CMakeFiles/STM32_Drivers.dir/__/__/Core/Src/system_stm32f3xx.c.obj
 .debug_macro   0x00000f32       0x6a cmake/stm32cubemx/CMakeFiles/STM32_Drivers.dir/__/__/Core/Src/system_stm32f3xx.c.obj
 .debug_macro   0x00000f9c      0x1df cmake/stm32cubemx/CMakeFiles/STM32_Drivers.dir/__/__/Core/Src/system_stm32f3xx.c.obj
 .debug_macro   0x0000117b       0x1c cmake/stm32cubemx/CMakeFiles/STM32_Drivers.dir/__/__/Core/Src/system_stm32f3xx.c.obj
 .debug_macro   0x00001197       0x22 cmake/stm32cubemx/CMakeFiles/STM32_Drivers.dir/__/__/Core/Src/system_stm32f3xx.c.obj
 .debug_macro   0x000011b9       0xd9 cmake/stm32cubemx/CMakeFiles/STM32_Drivers.dir/__/__/Core/Src/system_stm32f3xx.c.obj
 .debug_macro   0x00001292     0x102d cmake/stm32cubemx/CMakeFiles/STM32_Drivers.dir/__/__/Core/Src/system_stm32f3xx.c.obj
 .debug_macro   0x000022bf      0x11f cmake/stm32cubemx/CMakeFiles/STM32_Drivers.dir/__/__/Core/Src/system_stm32f3xx.c.obj
 .debug_macro   0x000023de    0x1535a cmake/stm32cubemx/CMakeFiles/STM32_Drivers.dir/__/__/Core/Src/system_stm32f3xx.c.obj
 .debug_macro   0x00017738       0x6d cmake/stm32cubemx/CMakeFiles/STM32_Drivers.dir/__/__/Core/Src/system_stm32f3xx.c.obj
 .debug_macro   0x000177a5      0x164 cmake/stm32cubemx/CMakeFiles/STM32_Drivers.dir/__/__/Core/Src/system_stm32f3xx.c.obj
 .debug_macro   0x00017909     0x3574 cmake/stm32cubemx/CMakeFiles/STM32_Drivers.dir/__/__/Core/Src/system_stm32f3xx.c.obj
 .debug_macro   0x0001ae7d      0x190 cmake/stm32cubemx/CMakeFiles/STM32_Drivers.dir/__/__/Core/Src/system_stm32f3xx.c.obj
 .debug_macro   0x0001b00d       0x55 cmake/stm32cubemx/CMakeFiles/STM32_Drivers.dir/__/__/Core/Src/system_stm32f3xx.c.obj
 .debug_macro   0x0001b062      0x953 cmake/stm32cubemx/CMakeFiles/STM32_Drivers.dir/__/__/Core/Src/system_stm32f3xx.c.obj
 .debug_macro   0x0001b9b5      0x84a cmake/stm32cubemx/CMakeFiles/STM32_Drivers.dir/__/__/Core/Src/system_stm32f3xx.c.obj
 .debug_macro   0x0001c1ff      0x1b5 cmake/stm32cubemx/CMakeFiles/STM32_Drivers.dir/__/__/Core/Src/system_stm32f3xx.c.obj
 .debug_macro   0x0001c3b4      0x23a cmake/stm32cubemx/CMakeFiles/STM32_Drivers.dir/__/__/Core/Src/system_stm32f3xx.c.obj
 .debug_macro   0x0001c5ee      0x1ea cmake/stm32cubemx/CMakeFiles/STM32_Drivers.dir/__/__/Core/Src/system_stm32f3xx.c.obj
 .debug_macro   0x0001c7d8      0x1bc cmake/stm32cubemx/CMakeFiles/STM32_Drivers.dir/__/__/Core/Src/system_stm32f3xx.c.obj
 .debug_macro   0x0001c994       0x30 cmake/stm32cubemx/CMakeFiles/STM32_Drivers.dir/__/__/Core/Src/system_stm32f3xx.c.obj
 .debug_macro   0x0001c9c4       0x3c cmake/stm32cubemx/CMakeFiles/STM32_Drivers.dir/__/__/Core/Src/system_stm32f3xx.c.obj
 .debug_macro   0x0001ca00      0x235 cmake/stm32cubemx/CMakeFiles/STM32_Drivers.dir/__/__/Core/Src/system_stm32f3xx.c.obj
 .debug_macro   0x0001cc35       0xc5 cmake/stm32cubemx/CMakeFiles/STM32_Drivers.dir/__/__/Core/Src/system_stm32f3xx.c.obj
 .debug_macro   0x0001ccfa      0x21d cmake/stm32cubemx/CMakeFiles/STM32_Drivers.dir/__/__/Core/Src/system_stm32f3xx.c.obj
 .debug_macro   0x0001cf17      0x22c cmake/stm32cubemx/CMakeFiles/STM32_Drivers.dir/__/__/Core/Src/system_stm32f3xx.c.obj
 .debug_macro   0x0001d143       0x5b cmake/stm32cubemx/CMakeFiles/STM32_Drivers.dir/__/__/Core/Src/system_stm32f3xx.c.obj
 .debug_macro   0x0001d19e       0xa5 cmake/stm32cubemx/CMakeFiles/STM32_Drivers.dir/__/__/Core/Src/system_stm32f3xx.c.obj
 .debug_macro   0x0001d243       0x73 cmake/stm32cubemx/CMakeFiles/STM32_Drivers.dir/__/__/Core/Src/system_stm32f3xx.c.obj
 .debug_macro   0x0001d2b6      0x242 cmake/stm32cubemx/CMakeFiles/STM32_Drivers.dir/__/__/Core/Src/system_stm32f3xx.c.obj
 .debug_macro   0x0001d4f8       0x81 cmake/stm32cubemx/CMakeFiles/STM32_Drivers.dir/__/__/Core/Src/system_stm32f3xx.c.obj
 .debug_macro   0x0001d579       0xd3 cmake/stm32cubemx/CMakeFiles/STM32_Drivers.dir/__/__/Core/Src/system_stm32f3xx.c.obj
 .debug_macro   0x0001d64c      0x313 cmake/stm32cubemx/CMakeFiles/STM32_Drivers.dir/__/__/Core/Src/system_stm32f3xx.c.obj
 .debug_macro   0x0001d95f      0x414 cmake/stm32cubemx/CMakeFiles/STM32_Drivers.dir/__/__/Core/Src/system_stm32f3xx.c.obj
 .debug_macro   0x0001dd73       0xeb cmake/stm32cubemx/CMakeFiles/STM32_Drivers.dir/__/__/Core/Src/system_stm32f3xx.c.obj
 .debug_macro   0x0001de5e      0x5ba cmake/stm32cubemx/CMakeFiles/STM32_Drivers.dir/__/__/Core/Src/system_stm32f3xx.c.obj
 .debug_macro   0x0001e418       0x44 cmake/stm32cubemx/CMakeFiles/STM32_Drivers.dir/__/__/Core/Src/system_stm32f3xx.c.obj
 .debug_macro   0x0001e45c      0x347 cmake/stm32cubemx/CMakeFiles/STM32_Drivers.dir/__/__/Core/Src/system_stm32f3xx.c.obj
 .debug_macro   0x0001e7a3      0x200 cmake/stm32cubemx/CMakeFiles/STM32_Drivers.dir/__/__/Drivers/STM32F3xx_HAL_Driver/Src/stm32f3xx_ll_usb.c.obj
 .debug_macro   0x0001e9a3      0x201 cmake/stm32cubemx/CMakeFiles/STM32_Drivers.dir/__/__/Drivers/STM32F3xx_HAL_Driver/Src/stm32f3xx_hal_rtc.c.obj
 .debug_macro   0x0001eba4      0x224 cmake/stm32cubemx/CMakeFiles/STM32_Drivers.dir/__/__/Drivers/STM32F3xx_HAL_Driver/Src/stm32f3xx_hal.c.obj
 .debug_macro   0x0001edc8      0x224 cmake/stm32cubemx/CMakeFiles/STM32_Drivers.dir/__/__/Drivers/STM32F3xx_HAL_Driver/Src/stm32f3xx_hal_rcc.c.obj
 .debug_macro   0x0001efec      0x200 cmake/stm32cubemx/CMakeFiles/STM32_Drivers.dir/__/__/Drivers/STM32F3xx_HAL_Driver/Src/stm32f3xx_hal_rcc_ex.c.obj
 .debug_macro   0x0001f1ec      0x207 cmake/stm32cubemx/CMakeFiles/STM32_Drivers.dir/__/__/Drivers/STM32F3xx_HAL_Driver/Src/stm32f3xx_hal_gpio.c.obj
 .debug_macro   0x0001f3f3      0x200 cmake/stm32cubemx/CMakeFiles/STM32_Drivers.dir/__/__/Drivers/STM32F3xx_HAL_Driver/Src/stm32f3xx_hal_dma.c.obj
 .debug_macro   0x0001f5f3      0x200 cmake/stm32cubemx/CMakeFiles/STM32_Drivers.dir/__/__/Drivers/STM32F3xx_HAL_Driver/Src/stm32f3xx_hal_cortex.c.obj
 .debug_macro   0x0001f7f3      0x21d cmake/stm32cubemx/CMakeFiles/STM32_Drivers.dir/__/__/Drivers/STM32F3xx_HAL_Driver/Src/stm32f3xx_hal_uart.c.obj
 .debug_macro   0x0001fa10      0x200 cmake/stm32cubemx/CMakeFiles/STM32_Drivers.dir/__/__/Drivers/STM32F3xx_HAL_Driver/Src/stm32f3xx_hal_uart_ex.c.obj
 .debug_macro   0x0001fc10      0x20c cmake/stm32cubemx/CMakeFiles/STM32_Drivers.dir/__/__/Drivers/STM32F3xx_HAL_Driver/Src/stm32f3xx_hal_pcd.c.obj
 .debug_macro   0x0001fe1c      0x20f CMakeFiles/furkan_cmake.dir/Core/Src/main.c.obj
 .debug_macro   0x0002002b      0xade CMakeFiles/furkan_cmake.dir/Core/Src/main.c.obj
 .debug_macro   0x00020b09       0xac CMakeFiles/furkan_cmake.dir/Core/Src/main.c.obj
 .debug_macro   0x00020bb5      0x219 CMakeFiles/furkan_cmake.dir/Core/Src/stm32f3xx_it.c.obj
 .debug_macro   0x00020dce      0x20f CMakeFiles/furkan_cmake.dir/Core/Src/stm32f3xx_hal_msp.c.obj
 .debug_macro   0x00020fdd      0x4b5 CMakeFiles/furkan_cmake.dir/Core/App/main.cpp.obj
 .debug_macro   0x00021492      0xc82 CMakeFiles/furkan_cmake.dir/Core/App/main.cpp.obj
 .debug_macro   0x00022114       0x1c CMakeFiles/furkan_cmake.dir/Core/App/main.cpp.obj
 .debug_macro   0x00022130       0x8e CMakeFiles/furkan_cmake.dir/Core/App/main.cpp.obj
 .debug_macro   0x000221be     0x102d CMakeFiles/furkan_cmake.dir/Core/App/main.cpp.obj
 .debug_macro   0x000231eb      0x197 CMakeFiles/furkan_cmake.dir/Core/App/main.cpp.obj
 .debug_macro   0x00023382       0x74 CMakeFiles/furkan_cmake.dir/Core/App/main.cpp.obj
 .debug_macro   0x000233f6       0x34 CMakeFiles/furkan_cmake.dir/Core/App/main.cpp.obj
 .debug_macro   0x0002342a      0x38c CMakeFiles/furkan_cmake.dir/Core/App/main.cpp.obj
 .debug_macro   0x000237b6       0x4a CMakeFiles/furkan_cmake.dir/Core/App/main.cpp.obj
 .debug_macro   0x00023800       0x10 CMakeFiles/furkan_cmake.dir/Core/App/main.cpp.obj
 .debug_macro   0x00023810       0x3c CMakeFiles/furkan_cmake.dir/Core/App/main.cpp.obj
 .debug_macro   0x0002384c       0x20 CMakeFiles/furkan_cmake.dir/Core/App/main.cpp.obj
 .debug_macro   0x0002386c      0x1f2 CMakeFiles/furkan_cmake.dir/Core/App/main.cpp.obj